Java HotSpot(TM) 64-Bit Server VM (25.161-b12) for bsd-amd64 JRE (1.8.0_161-b12), built on Dec 19 2017 16:22:20 by "java_re" with gcc 4.2.1 (Based on Apple Inc. build 5658) (LLVM build 2336.11.00)
Memory: 4k page, physical 16777216k(396544k free)

/proc/meminfo:

CommandLine flags: -XX:+DisableExplicitGC -XX:InitialHeapSize=1073741824 -XX:InitiatingHeapOccupancyPercent=35 -XX:+ManagementServer -XX:MaxGCPauseMillis=20 -XX:MaxHeapSize=1073741824 -XX:+PrintGC -XX:+PrintGCDateStamps -XX:+PrintGCDetails -XX:+PrintGCTimeStamps -XX:+UseCompressedClassPointers -XX:+UseCompressedOops -XX:+UseG1GC 
2018-04-07T18:36:58.996+0600: 10.754: [GC pause (G1 Evacuation Pause) (young), 0.0095208 secs]
   [Parallel Time: 4.4 ms, GC Workers: 8]
      [GC Worker Start (ms): Min: 10755.1, Avg: 10755.2, Max: 10755.2, Diff: 0.1]
      [Ext Root Scanning (ms): Min: 0.3, Avg: 0.7, Max: 2.9, Diff: 2.6, Sum: 5.3]
      [Update RS (ms): Min: 0.0, Avg: 0.0, Max: 0.0, Diff: 0.0, Sum: 0.0]
         [Processed Buffers: Min: 0, Avg: 0.0, Max: 0, Diff: 0, Sum: 0]
      [Scan RS (ms): Min: 0.0, Avg: 0.2, Max: 0.3, Diff: 0.3, Sum: 1.6]
      [Code Root Scanning (ms): Min: 0.0, Avg: 0.1, Max: 0.3, Diff: 0.3, Sum: 0.9]
      [Object Copy (ms): Min: 0.7, Avg: 2.5, Max: 2.9, Diff: 2.2, Sum: 20.1]
      [Termination (ms): Min: 0.0, Avg: 0.0, Max: 0.0, Diff: 0.0, Sum: 0.1]
         [Termination Attempts: Min: 1, Avg: 22.8, Max: 31, Diff: 30, Sum: 182]
      [GC Worker Other (ms): Min: 0.0, Avg: 0.0, Max: 0.0, Diff: 0.0, Sum: 0.1]
      [GC Worker Total (ms): Min: 3.5, Avg: 3.5, Max: 3.6, Diff: 0.1, Sum: 28.2]
      [GC Worker End (ms): Min: 10758.7, Avg: 10758.7, Max: 10758.7, Diff: 0.0]
   [Code Root Fixup: 0.0 ms]
   [Code Root Purge: 0.0 ms]
   [Clear CT: 0.1 ms]
   [Other: 4.9 ms]
      [Choose CSet: 0.0 ms]
      [Ref Proc: 4.0 ms]
      [Ref Enq: 0.0 ms]
      [Redirty Cards: 0.1 ms]
      [Humongous Register: 0.0 ms]
      [Humongous Reclaim: 0.0 ms]
      [Free CSet: 0.1 ms]
   [Eden: 51.0M(51.0M)->0.0B(44.0M) Survivors: 0.0B->7168.0K Heap: 51.0M(1024.0M)->7864.5K(1024.0M)]
 [Times: user=0.03 sys=0.00, real=0.01 secs] 
2018-04-07T18:37:04.359+0600: 16.117: [GC pause (G1 Evacuation Pause) (young), 0.0080899 secs]
   [Parallel Time: 4.3 ms, GC Workers: 8]
      [GC Worker Start (ms): Min: 16117.2, Avg: 16117.3, Max: 16117.3, Diff: 0.1]
      [Ext Root Scanning (ms): Min: 0.4, Avg: 0.5, Max: 1.5, Diff: 1.1, Sum: 4.3]
      [Update RS (ms): Min: 0.0, Avg: 0.5, Max: 3.6, Diff: 3.6, Sum: 3.6]
         [Processed Buffers: Min: 0, Avg: 0.1, Max: 1, Diff: 1, Sum: 1]
      [Scan RS (ms): Min: 0.0, Avg: 0.0, Max: 0.0, Diff: 0.0, Sum: 0.0]
      [Code Root Scanning (ms): Min: 0.0, Avg: 0.2, Max: 1.0, Diff: 1.0, Sum: 1.3]
      [Object Copy (ms): Min: 0.2, Avg: 2.5, Max: 3.1, Diff: 3.0, Sum: 20.0]
      [Termination (ms): Min: 0.0, Avg: 0.5, Max: 0.6, Diff: 0.6, Sum: 4.2]
         [Termination Attempts: Min: 1, Avg: 38.5, Max: 59, Diff: 58, Sum: 308]
      [GC Worker Other (ms): Min: 0.0, Avg: 0.0, Max: 0.0, Diff: 0.0, Sum: 0.1]
      [GC Worker Total (ms): Min: 4.2, Avg: 4.2, Max: 4.2, Diff: 0.1, Sum: 33.5]
      [GC Worker End (ms): Min: 16121.4, Avg: 16121.5, Max: 16121.5, Diff: 0.1]
   [Code Root Fixup: 0.0 ms]
   [Code Root Purge: 0.0 ms]
   [Clear CT: 0.2 ms]
   [Other: 3.6 ms]
      [Choose CSet: 0.0 ms]
      [Ref Proc: 3.2 ms]
      [Ref Enq: 0.0 ms]
      [Redirty Cards: 0.1 ms]
      [Humongous Register: 0.0 ms]
      [Humongous Reclaim: 0.0 ms]
      [Free CSet: 0.1 ms]
   [Eden: 44.0M(44.0M)->0.0B(44.0M) Survivors: 7168.0K->7168.0K Heap: 179.7M(1024.0M)->138.7M(1024.0M)]
 [Times: user=0.05 sys=0.00, real=0.01 secs] 
2018-04-07T18:37:43.455+0600: 55.213: [GC pause (Metadata GC Threshold) (young) (initial-mark), 0.0068715 secs]
   [Parallel Time: 5.4 ms, GC Workers: 8]
      [GC Worker Start (ms): Min: 55213.3, Avg: 55213.5, Max: 55214.0, Diff: 0.7]
      [Ext Root Scanning (ms): Min: 0.4, Avg: 1.3, Max: 5.3, Diff: 4.8, Sum: 10.5]
      [Update RS (ms): Min: 0.0, Avg: 0.1, Max: 0.2, Diff: 0.2, Sum: 0.8]
         [Processed Buffers: Min: 0, Avg: 0.6, Max: 1, Diff: 1, Sum: 5]
      [Scan RS (ms): Min: 0.0, Avg: 0.0, Max: 0.0, Diff: 0.0, Sum: 0.0]
      [Code Root Scanning (ms): Min: 0.0, Avg: 0.7, Max: 4.1, Diff: 4.1, Sum: 5.4]
      [Object Copy (ms): Min: 0.0, Avg: 2.6, Max: 4.2, Diff: 4.2, Sum: 20.5]
      [Termination (ms): Min: 0.0, Avg: 0.4, Max: 0.6, Diff: 0.6, Sum: 3.3]
         [Termination Attempts: Min: 1, Avg: 9.1, Max: 15, Diff: 14, Sum: 73]
      [GC Worker Other (ms): Min: 0.0, Avg: 0.0, Max: 0.0, Diff: 0.0, Sum: 0.1]
      [GC Worker Total (ms): Min: 4.6, Avg: 5.1, Max: 5.3, Diff: 0.7, Sum: 40.7]
      [GC Worker End (ms): Min: 55218.6, Avg: 55218.6, Max: 55218.6, Diff: 0.0]
   [Code Root Fixup: 0.1 ms]
   [Code Root Purge: 0.0 ms]
   [Clear CT: 0.1 ms]
   [Other: 1.3 ms]
      [Choose CSet: 0.0 ms]
      [Ref Proc: 0.8 ms]
      [Ref Enq: 0.0 ms]
      [Redirty Cards: 0.1 ms]
      [Humongous Register: 0.0 ms]
      [Humongous Reclaim: 0.0 ms]
      [Free CSet: 0.1 ms]
   [Eden: 13.0M(44.0M)->0.0B(46.0M) Survivors: 7168.0K->5120.0K Heap: 151.4M(1024.0M)->140.6M(1024.0M)]
 [Times: user=0.03 sys=0.00, real=0.01 secs] 
2018-04-07T18:37:43.462+0600: 55.220: [GC concurrent-root-region-scan-start]
2018-04-07T18:37:43.465+0600: 55.222: [GC concurrent-root-region-scan-end, 0.0022223 secs]
2018-04-07T18:37:43.465+0600: 55.222: [GC concurrent-mark-start]
2018-04-07T18:37:43.468+0600: 55.226: [GC concurrent-mark-end, 0.0035484 secs]
2018-04-07T18:37:43.468+0600: 55.226: [GC remark 2018-04-07T18:37:43.468+0600: 55.226: [Finalize Marking, 0.0006892 secs] 2018-04-07T18:37:43.469+0600: 55.227: [GC ref-proc, 0.0000630 secs] 2018-04-07T18:37:43.469+0600: 55.227: [Unloading, 0.0020686 secs], 0.0070334 secs]
 [Times: user=0.01 sys=0.00, real=0.01 secs] 
2018-04-07T18:37:43.476+0600: 55.233: [GC cleanup 141M->138M(1024M), 0.0007030 secs]
 [Times: user=0.01 sys=0.00, real=0.00 secs] 
2018-04-07T18:37:43.476+0600: 55.234: [GC concurrent-cleanup-start]
2018-04-07T18:37:43.476+0600: 55.234: [GC concurrent-cleanup-end, 0.0000175 secs]
2018-04-07T18:40:48.198+0600: 239.955: [GC pause (G1 Evacuation Pause) (young), 0.0102891 secs]
   [Parallel Time: 8.5 ms, GC Workers: 8]
      [GC Worker Start (ms): Min: 239955.1, Avg: 239955.3, Max: 239955.6, Diff: 0.5]
      [Ext Root Scanning (ms): Min: 0.1, Avg: 0.6, Max: 1.3, Diff: 1.2, Sum: 4.8]
      [Update RS (ms): Min: 0.0, Avg: 0.5, Max: 0.9, Diff: 0.9, Sum: 3.8]
         [Processed Buffers: Min: 0, Avg: 3.6, Max: 22, Diff: 22, Sum: 29]
      [Scan RS (ms): Min: 0.0, Avg: 3.9, Max: 6.9, Diff: 6.9, Sum: 31.0]
      [Code Root Scanning (ms): Min: 0.0, Avg: 0.2, Max: 0.5, Diff: 0.5, Sum: 1.3]
      [Object Copy (ms): Min: 0.1, Avg: 1.6, Max: 4.1, Diff: 4.0, Sum: 12.9]
      [Termination (ms): Min: 0.0, Avg: 1.5, Max: 3.0, Diff: 3.0, Sum: 12.3]
         [Termination Attempts: Min: 1, Avg: 2.0, Max: 3, Diff: 2, Sum: 16]
      [GC Worker Other (ms): Min: 0.0, Avg: 0.0, Max: 0.0, Diff: 0.0, Sum: 0.1]
      [GC Worker Total (ms): Min: 8.0, Avg: 8.3, Max: 8.4, Diff: 0.5, Sum: 66.3]
      [GC Worker End (ms): Min: 239963.5, Avg: 239963.5, Max: 239963.6, Diff: 0.1]
   [Code Root Fixup: 0.0 ms]
   [Code Root Purge: 0.0 ms]
   [Clear CT: 0.2 ms]
   [Other: 1.6 ms]
      [Choose CSet: 0.0 ms]
      [Ref Proc: 1.1 ms]
      [Ref Enq: 0.0 ms]
      [Redirty Cards: 0.1 ms]
      [Humongous Register: 0.0 ms]
      [Humongous Reclaim: 0.0 ms]
      [Free CSet: 0.1 ms]
   [Eden: 46.0M(46.0M)->0.0B(44.0M) Survivors: 5120.0K->7168.0K Heap: 183.6M(1024.0M)->139.3M(1024.0M)]
 [Times: user=0.03 sys=0.00, real=0.01 secs] 
2018-04-07T18:43:02.625+0600: 374.381: [GC pause (G1 Evacuation Pause) (young), 0.0056163 secs]
   [Parallel Time: 4.4 ms, GC Workers: 8]
      [GC Worker Start (ms): Min: 374381.1, Avg: 374381.2, Max: 374381.6, Diff: 0.5]
      [Ext Root Scanning (ms): Min: 0.0, Avg: 0.5, Max: 1.6, Diff: 1.6, Sum: 4.2]
      [Update RS (ms): Min: 0.0, Avg: 0.1, Max: 0.3, Diff: 0.3, Sum: 1.1]
         [Processed Buffers: Min: 0, Avg: 2.0, Max: 9, Diff: 9, Sum: 16]
      [Scan RS (ms): Min: 0.0, Avg: 0.0, Max: 0.0, Diff: 0.0, Sum: 0.0]
      [Code Root Scanning (ms): Min: 0.0, Avg: 0.5, Max: 3.7, Diff: 3.7, Sum: 4.4]
      [Object Copy (ms): Min: 0.1, Avg: 2.3, Max: 2.9, Diff: 2.8, Sum: 18.1]
      [Termination (ms): Min: 0.0, Avg: 0.7, Max: 0.8, Diff: 0.8, Sum: 5.5]
         [Termination Attempts: Min: 1, Avg: 1.0, Max: 1, Diff: 0, Sum: 8]
      [GC Worker Other (ms): Min: 0.0, Avg: 0.0, Max: 0.0, Diff: 0.0, Sum: 0.1]
      [GC Worker Total (ms): Min: 3.8, Avg: 4.2, Max: 4.3, Diff: 0.5, Sum: 33.5]
      [GC Worker End (ms): Min: 374385.3, Avg: 374385.4, Max: 374385.4, Diff: 0.1]
   [Code Root Fixup: 0.0 ms]
   [Code Root Purge: 0.0 ms]
   [Clear CT: 0.1 ms]
   [Other: 1.1 ms]
      [Choose CSet: 0.0 ms]
      [Ref Proc: 0.8 ms]
      [Ref Enq: 0.0 ms]
      [Redirty Cards: 0.1 ms]
      [Humongous Register: 0.0 ms]
      [Humongous Reclaim: 0.0 ms]
      [Free CSet: 0.1 ms]
   [Eden: 44.0M(44.0M)->0.0B(44.0M) Survivors: 7168.0K->7168.0K Heap: 183.3M(1024.0M)->139.7M(1024.0M)]
 [Times: user=0.03 sys=0.01, real=0.01 secs] 
2018-04-07T18:44:46.442+0600: 478.196: [GC pause (G1 Evacuation Pause) (young), 0.0045695 secs]
   [Parallel Time: 3.7 ms, GC Workers: 8]
      [GC Worker Start (ms): Min: 478196.6, Avg: 478196.7, Max: 478196.7, Diff: 0.2]
      [Ext Root Scanning (ms): Min: 0.2, Avg: 0.4, Max: 1.1, Diff: 0.8, Sum: 3.1]
      [Update RS (ms): Min: 0.0, Avg: 0.2, Max: 0.5, Diff: 0.5, Sum: 1.6]
         [Processed Buffers: Min: 0, Avg: 1.6, Max: 7, Diff: 7, Sum: 13]
      [Scan RS (ms): Min: 0.0, Avg: 0.0, Max: 0.2, Diff: 0.2, Sum: 0.3]
      [Code Root Scanning (ms): Min: 0.0, Avg: 0.2, Max: 0.5, Diff: 0.5, Sum: 1.8]
      [Object Copy (ms): Min: 2.4, Avg: 2.6, Max: 2.8, Diff: 0.4, Sum: 20.9]
      [Termination (ms): Min: 0.0, Avg: 0.0, Max: 0.0, Diff: 0.0, Sum: 0.1]
         [Termination Attempts: Min: 1, Avg: 1.9, Max: 2, Diff: 1, Sum: 15]
      [GC Worker Other (ms): Min: 0.0, Avg: 0.0, Max: 0.1, Diff: 0.1, Sum: 0.3]
      [GC Worker Total (ms): Min: 3.4, Avg: 3.5, Max: 3.6, Diff: 0.2, Sum: 27.9]
      [GC Worker End (ms): Min: 478200.1, Avg: 478200.2, Max: 478200.2, Diff: 0.0]
   [Code Root Fixup: 0.0 ms]
   [Code Root Purge: 0.0 ms]
   [Clear CT: 0.1 ms]
   [Other: 0.8 ms]
      [Choose CSet: 0.0 ms]
      [Ref Proc: 0.4 ms]
      [Ref Enq: 0.0 ms]
      [Redirty Cards: 0.1 ms]
      [Humongous Register: 0.0 ms]
      [Humongous Reclaim: 0.0 ms]
      [Free CSet: 0.1 ms]
   [Eden: 44.0M(44.0M)->0.0B(46.0M) Survivors: 7168.0K->5120.0K Heap: 183.7M(1024.0M)->138.9M(1024.0M)]
 [Times: user=0.03 sys=0.00, real=0.01 secs] 
2018-04-07T18:46:28.146+0600: 579.900: [GC pause (G1 Evacuation Pause) (young), 0.0066317 secs]
   [Parallel Time: 5.7 ms, GC Workers: 8]
      [GC Worker Start (ms): Min: 579899.8, Avg: 579900.1, Max: 579901.6, Diff: 1.8]
      [Ext Root Scanning (ms): Min: 0.0, Avg: 0.5, Max: 1.7, Diff: 1.7, Sum: 4.2]
      [Update RS (ms): Min: 0.0, Avg: 0.8, Max: 1.3, Diff: 1.3, Sum: 6.6]
         [Processed Buffers: Min: 0, Avg: 2.6, Max: 12, Diff: 12, Sum: 21]
      [Scan RS (ms): Min: 0.0, Avg: 0.0, Max: 0.0, Diff: 0.0, Sum: 0.1]
      [Code Root Scanning (ms): Min: 0.0, Avg: 0.9, Max: 3.9, Diff: 3.9, Sum: 7.6]
      [Object Copy (ms): Min: 0.1, Avg: 2.1, Max: 2.9, Diff: 2.9, Sum: 17.1]
      [Termination (ms): Min: 0.0, Avg: 0.8, Max: 1.0, Diff: 1.0, Sum: 6.5]
         [Termination Attempts: Min: 1, Avg: 1.5, Max: 2, Diff: 1, Sum: 12]
      [GC Worker Other (ms): Min: 0.0, Avg: 0.0, Max: 0.0, Diff: 0.0, Sum: 0.1]
      [GC Worker Total (ms): Min: 3.8, Avg: 5.3, Max: 5.6, Diff: 1.8, Sum: 42.1]
      [GC Worker End (ms): Min: 579905.3, Avg: 579905.4, Max: 579905.5, Diff: 0.2]
   [Code Root Fixup: 0.0 ms]
   [Code Root Purge: 0.0 ms]
   [Clear CT: 0.2 ms]
   [Other: 0.7 ms]
      [Choose CSet: 0.0 ms]
      [Ref Proc: 0.3 ms]
      [Ref Enq: 0.0 ms]
      [Redirty Cards: 0.1 ms]
      [Humongous Register: 0.0 ms]
      [Humongous Reclaim: 0.0 ms]
      [Free CSet: 0.0 ms]
   [Eden: 46.0M(46.0M)->0.0B(61.0M) Survivors: 5120.0K->5120.0K Heap: 184.9M(1024.0M)->138.6M(1024.0M)]
 [Times: user=0.03 sys=0.01, real=0.01 secs] 
2018-04-07T18:48:01.226+0600: 672.980: [GC pause (G1 Evacuation Pause) (young), 0.0059615 secs]
   [Parallel Time: 4.7 ms, GC Workers: 8]
      [GC Worker Start (ms): Min: 672979.6, Avg: 672979.7, Max: 672979.9, Diff: 0.2]
      [Ext Root Scanning (ms): Min: 0.1, Avg: 0.3, Max: 0.6, Diff: 0.5, Sum: 2.1]
      [Update RS (ms): Min: 0.0, Avg: 0.2, Max: 0.3, Diff: 0.3, Sum: 1.4]
         [Processed Buffers: Min: 0, Avg: 3.8, Max: 19, Diff: 19, Sum: 30]
      [Scan RS (ms): Min: 0.0, Avg: 0.0, Max: 0.0, Diff: 0.0, Sum: 0.1]
      [Code Root Scanning (ms): Min: 0.0, Avg: 0.3, Max: 1.3, Diff: 1.3, Sum: 2.2]
      [Object Copy (ms): Min: 2.2, Avg: 3.3, Max: 4.0, Diff: 1.8, Sum: 26.5]
      [Termination (ms): Min: 0.0, Avg: 0.5, Max: 0.7, Diff: 0.7, Sum: 4.1]
         [Termination Attempts: Min: 1, Avg: 1.0, Max: 1, Diff: 0, Sum: 8]
      [GC Worker Other (ms): Min: 0.0, Avg: 0.0, Max: 0.0, Diff: 0.0, Sum: 0.1]
      [GC Worker Total (ms): Min: 4.4, Avg: 4.6, Max: 4.6, Diff: 0.3, Sum: 36.5]
      [GC Worker End (ms): Min: 672984.2, Avg: 672984.3, Max: 672984.3, Diff: 0.0]
   [Code Root Fixup: 0.0 ms]
   [Code Root Purge: 0.0 ms]
   [Clear CT: 0.1 ms]
   [Other: 1.1 ms]
      [Choose CSet: 0.0 ms]
      [Ref Proc: 0.7 ms]
      [Ref Enq: 0.0 ms]
      [Redirty Cards: 0.1 ms]
      [Humongous Register: 0.0 ms]
      [Humongous Reclaim: 0.0 ms]
      [Free CSet: 0.1 ms]
   [Eden: 61.0M(61.0M)->0.0B(168.0M) Survivors: 5120.0K->6144.0K Heap: 199.6M(1024.0M)->139.7M(1024.0M)]
 [Times: user=0.03 sys=0.00, real=0.01 secs] 
2018-04-07T18:50:44.624+0600: 836.377: [GC pause (G1 Evacuation Pause) (young), 0.0072064 secs]
   [Parallel Time: 5.3 ms, GC Workers: 8]
      [GC Worker Start (ms): Min: 836376.8, Avg: 836376.9, Max: 836376.9, Diff: 0.1]
      [Ext Root Scanning (ms): Min: 0.3, Avg: 0.4, Max: 1.0, Diff: 0.7, Sum: 3.6]
      [Update RS (ms): Min: 0.0, Avg: 0.3, Max: 0.4, Diff: 0.4, Sum: 2.1]
         [Processed Buffers: Min: 0, Avg: 3.6, Max: 8, Diff: 8, Sum: 29]
      [Scan RS (ms): Min: 0.0, Avg: 0.0, Max: 0.1, Diff: 0.0, Sum: 0.2]
      [Code Root Scanning (ms): Min: 0.0, Avg: 0.4, Max: 2.2, Diff: 2.2, Sum: 3.5]
      [Object Copy (ms): Min: 1.3, Avg: 3.2, Max: 4.3, Diff: 3.0, Sum: 25.3]
      [Termination (ms): Min: 0.0, Avg: 0.7, Max: 0.9, Diff: 0.9, Sum: 5.7]
         [Termination Attempts: Min: 1, Avg: 1.0, Max: 1, Diff: 0, Sum: 8]
      [GC Worker Other (ms): Min: 0.0, Avg: 0.0, Max: 0.0, Diff: 0.0, Sum: 0.1]
      [GC Worker Total (ms): Min: 5.0, Avg: 5.1, Max: 5.1, Diff: 0.2, Sum: 40.5]
      [GC Worker End (ms): Min: 836381.9, Avg: 836381.9, Max: 836382.0, Diff: 0.1]
   [Code Root Fixup: 0.0 ms]
   [Code Root Purge: 0.0 ms]
   [Clear CT: 0.1 ms]
   [Other: 1.7 ms]
      [Choose CSet: 0.0 ms]
      [Ref Proc: 1.0 ms]
      [Ref Enq: 0.0 ms]
      [Redirty Cards: 0.2 ms]
      [Humongous Register: 0.0 ms]
      [Humongous Reclaim: 0.0 ms]
      [Free CSet: 0.3 ms]
   [Eden: 168.0M(168.0M)->0.0B(369.0M) Survivors: 6144.0K->7168.0K Heap: 307.7M(1024.0M)->141.1M(1024.0M)]
 [Times: user=0.03 sys=0.00, real=0.01 secs] 
2018-04-07T18:55:19.682+0600: 1111.433: [GC pause (G1 Evacuation Pause) (young), 0.0101413 secs]
   [Parallel Time: 7.9 ms, GC Workers: 8]
      [GC Worker Start (ms): Min: 1111433.0, Avg: 1111433.2, Max: 1111433.3, Diff: 0.3]
      [Ext Root Scanning (ms): Min: 0.5, Avg: 1.1, Max: 3.8, Diff: 3.3, Sum: 8.7]
      [Update RS (ms): Min: 0.0, Avg: 0.5, Max: 1.0, Diff: 1.0, Sum: 3.8]
         [Processed Buffers: Min: 0, Avg: 3.6, Max: 12, Diff: 12, Sum: 29]
      [Scan RS (ms): Min: 0.0, Avg: 0.1, Max: 0.3, Diff: 0.3, Sum: 1.1]
      [Code Root Scanning (ms): Min: 0.0, Avg: 0.5, Max: 1.7, Diff: 1.7, Sum: 4.0]
      [Object Copy (ms): Min: 3.1, Avg: 4.7, Max: 5.3, Diff: 2.2, Sum: 37.4]
      [Termination (ms): Min: 0.0, Avg: 0.7, Max: 0.9, Diff: 0.9, Sum: 5.8]
         [Termination Attempts: Min: 1, Avg: 1.4, Max: 3, Diff: 2, Sum: 11]
      [GC Worker Other (ms): Min: 0.0, Avg: 0.0, Max: 0.0, Diff: 0.0, Sum: 0.2]
      [GC Worker Total (ms): Min: 7.5, Avg: 7.6, Max: 7.8, Diff: 0.3, Sum: 61.1]
      [GC Worker End (ms): Min: 1111440.8, Avg: 1111440.8, Max: 1111440.9, Diff: 0.1]
   [Code Root Fixup: 0.0 ms]
   [Code Root Purge: 0.0 ms]
   [Clear CT: 0.2 ms]
   [Other: 2.0 ms]
      [Choose CSet: 0.0 ms]
      [Ref Proc: 1.1 ms]
      [Ref Enq: 0.0 ms]
      [Redirty Cards: 0.1 ms]
      [Humongous Register: 0.0 ms]
      [Humongous Reclaim: 0.0 ms]
      [Free CSet: 0.4 ms]
   [Eden: 369.0M(369.0M)->0.0B(558.0M) Survivors: 7168.0K->5120.0K Heap: 510.1M(1024.0M)->139.3M(1024.0M)]
 [Times: user=0.05 sys=0.00, real=0.01 secs] 
2018-04-07T19:02:18.611+0600: 1530.359: [GC pause (G1 Evacuation Pause) (young), 0.0088482 secs]
   [Parallel Time: 6.2 ms, GC Workers: 8]
      [GC Worker Start (ms): Min: 1530359.0, Avg: 1530360.6, Max: 1530363.8, Diff: 4.7]
      [Ext Root Scanning (ms): Min: 0.0, Avg: 0.2, Max: 0.7, Diff: 0.7, Sum: 1.9]
      [Update RS (ms): Min: 0.0, Avg: 0.3, Max: 0.8, Diff: 0.8, Sum: 2.0]
         [Processed Buffers: Min: 0, Avg: 3.4, Max: 19, Diff: 19, Sum: 27]
      [Scan RS (ms): Min: 0.0, Avg: 0.1, Max: 0.1, Diff: 0.1, Sum: 0.5]
      [Code Root Scanning (ms): Min: 0.0, Avg: 0.8, Max: 4.9, Diff: 4.9, Sum: 6.2]
      [Object Copy (ms): Min: 0.0, Avg: 2.6, Max: 4.8, Diff: 4.8, Sum: 20.9]
      [Termination (ms): Min: 0.0, Avg: 0.6, Max: 1.1, Diff: 1.1, Sum: 4.8]
         [Termination Attempts: Min: 1, Avg: 1.4, Max: 2, Diff: 1, Sum: 11]
      [GC Worker Other (ms): Min: 0.0, Avg: 0.0, Max: 0.0, Diff: 0.0, Sum: 0.1]
      [GC Worker Total (ms): Min: 1.4, Avg: 4.6, Max: 6.1, Diff: 4.7, Sum: 36.5]
      [GC Worker End (ms): Min: 1530365.0, Avg: 1530365.1, Max: 1530365.2, Diff: 0.2]
   [Code Root Fixup: 0.0 ms]
   [Code Root Purge: 0.0 ms]
   [Clear CT: 0.2 ms]
   [Other: 2.4 ms]
      [Choose CSet: 0.0 ms]
      [Ref Proc: 1.5 ms]
      [Ref Enq: 0.0 ms]
      [Redirty Cards: 0.1 ms]
      [Humongous Register: 0.0 ms]
      [Humongous Reclaim: 0.0 ms]
      [Free CSet: 0.6 ms]
   [Eden: 558.0M(558.0M)->0.0B(607.0M) Survivors: 5120.0K->7168.0K Heap: 697.3M(1024.0M)->141.1M(1024.0M)]
 [Times: user=0.03 sys=0.00, real=0.01 secs] 
2018-04-07T19:09:51.139+0600: 1982.883: [GC pause (G1 Evacuation Pause) (young), 0.0054079 secs]
   [Parallel Time: 4.2 ms, GC Workers: 8]
      [GC Worker Start (ms): Min: 1982883.6, Avg: 1982883.8, Max: 1982883.9, Diff: 0.2]
      [Ext Root Scanning (ms): Min: 0.2, Avg: 0.4, Max: 0.8, Diff: 0.5, Sum: 3.1]
      [Update RS (ms): Min: 0.0, Avg: 0.3, Max: 0.6, Diff: 0.6, Sum: 2.1]
         [Processed Buffers: Min: 0, Avg: 3.4, Max: 14, Diff: 14, Sum: 27]
      [Scan RS (ms): Min: 0.0, Avg: 0.1, Max: 0.1, Diff: 0.1, Sum: 0.7]
      [Code Root Scanning (ms): Min: 0.0, Avg: 0.3, Max: 1.2, Diff: 1.2, Sum: 2.4]
      [Object Copy (ms): Min: 2.0, Avg: 2.9, Max: 3.4, Diff: 1.4, Sum: 23.3]
      [Termination (ms): Min: 0.0, Avg: 0.0, Max: 0.0, Diff: 0.0, Sum: 0.0]
         [Termination Attempts: Min: 1, Avg: 1.0, Max: 1, Diff: 0, Sum: 8]
      [GC Worker Other (ms): Min: 0.0, Avg: 0.1, Max: 0.1, Diff: 0.1, Sum: 0.5]
      [GC Worker Total (ms): Min: 3.9, Avg: 4.0, Max: 4.2, Diff: 0.3, Sum: 32.1]
      [GC Worker End (ms): Min: 1982887.7, Avg: 1982887.8, Max: 1982887.8, Diff: 0.1]
   [Code Root Fixup: 0.0 ms]
   [Code Root Purge: 0.0 ms]
   [Clear CT: 0.2 ms]
   [Other: 0.9 ms]
      [Choose CSet: 0.0 ms]
      [Ref Proc: 0.3 ms]
      [Ref Enq: 0.0 ms]
      [Redirty Cards: 0.1 ms]
      [Humongous Register: 0.0 ms]
      [Humongous Reclaim: 0.0 ms]
      [Free CSet: 0.3 ms]
   [Eden: 607.0M(607.0M)->0.0B(609.0M) Survivors: 7168.0K->5120.0K Heap: 748.1M(1024.0M)->138.6M(1024.0M)]
 [Times: user=0.03 sys=0.00, real=0.01 secs] 
2018-04-07T19:17:32.261+0600: 2444.002: [GC pause (G1 Evacuation Pause) (young), 0.0047702 secs]
   [Parallel Time: 3.8 ms, GC Workers: 8]
      [GC Worker Start (ms): Min: 2444002.0, Avg: 2444002.1, Max: 2444002.1, Diff: 0.2]
      [Ext Root Scanning (ms): Min: 0.2, Avg: 0.3, Max: 0.6, Diff: 0.4, Sum: 2.6]
      [Update RS (ms): Min: 0.0, Avg: 0.3, Max: 0.5, Diff: 0.5, Sum: 2.1]
         [Processed Buffers: Min: 0, Avg: 3.0, Max: 14, Diff: 14, Sum: 24]
      [Scan RS (ms): Min: 0.0, Avg: 0.1, Max: 0.2, Diff: 0.1, Sum: 0.6]
      [Code Root Scanning (ms): Min: 0.0, Avg: 0.3, Max: 1.2, Diff: 1.2, Sum: 2.4]
      [Object Copy (ms): Min: 1.7, Avg: 2.5, Max: 2.9, Diff: 1.1, Sum: 20.3]
      [Termination (ms): Min: 0.0, Avg: 0.0, Max: 0.0, Diff: 0.0, Sum: 0.0]
         [Termination Attempts: Min: 1, Avg: 1.0, Max: 1, Diff: 0, Sum: 8]
      [GC Worker Other (ms): Min: 0.0, Avg: 0.1, Max: 0.1, Diff: 0.1, Sum: 0.5]
      [GC Worker Total (ms): Min: 3.5, Avg: 3.6, Max: 3.7, Diff: 0.2, Sum: 28.6]
      [GC Worker End (ms): Min: 2444005.6, Avg: 2444005.6, Max: 2444005.7, Diff: 0.1]
   [Code Root Fixup: 0.0 ms]
   [Code Root Purge: 0.0 ms]
   [Clear CT: 0.2 ms]
   [Other: 0.7 ms]
      [Choose CSet: 0.0 ms]
      [Ref Proc: 0.2 ms]
      [Ref Enq: 0.0 ms]
      [Redirty Cards: 0.1 ms]
      [Humongous Register: 0.0 ms]
      [Humongous Reclaim: 0.0 ms]
      [Free CSet: 0.2 ms]
   [Eden: 609.0M(609.0M)->0.0B(609.0M) Survivors: 5120.0K->5120.0K Heap: 747.6M(1024.0M)->139.3M(1024.0M)]
 [Times: user=0.03 sys=0.00, real=0.01 secs] 
2018-04-07T19:25:13.872+0600: 2905.609: [GC pause (G1 Evacuation Pause) (young), 0.0050410 secs]
   [Parallel Time: 4.0 ms, GC Workers: 8]
      [GC Worker Start (ms): Min: 2905609.2, Avg: 2905609.3, Max: 2905609.4, Diff: 0.2]
      [Ext Root Scanning (ms): Min: 0.2, Avg: 0.4, Max: 0.7, Diff: 0.4, Sum: 2.9]
      [Update RS (ms): Min: 0.0, Avg: 0.3, Max: 0.4, Diff: 0.4, Sum: 2.1]
         [Processed Buffers: Min: 0, Avg: 3.1, Max: 16, Diff: 16, Sum: 25]
      [Scan RS (ms): Min: 0.0, Avg: 0.1, Max: 0.2, Diff: 0.1, Sum: 0.8]
      [Code Root Scanning (ms): Min: 0.0, Avg: 0.3, Max: 0.9, Diff: 0.9, Sum: 2.2]
      [Object Copy (ms): Min: 2.2, Avg: 2.8, Max: 3.1, Diff: 0.9, Sum: 22.1]
      [Termination (ms): Min: 0.0, Avg: 0.0, Max: 0.0, Diff: 0.0, Sum: 0.0]
         [Termination Attempts: Min: 1, Avg: 1.0, Max: 1, Diff: 0, Sum: 8]
      [GC Worker Other (ms): Min: 0.0, Avg: 0.0, Max: 0.1, Diff: 0.1, Sum: 0.4]
      [GC Worker Total (ms): Min: 3.7, Avg: 3.8, Max: 3.9, Diff: 0.2, Sum: 30.5]
      [GC Worker End (ms): Min: 2905613.1, Avg: 2905613.1, Max: 2905613.1, Diff: 0.1]
   [Code Root Fixup: 0.0 ms]
   [Code Root Purge: 0.0 ms]
   [Clear CT: 0.2 ms]
   [Other: 0.8 ms]
      [Choose CSet: 0.0 ms]
      [Ref Proc: 0.3 ms]
      [Ref Enq: 0.0 ms]
      [Redirty Cards: 0.1 ms]
      [Humongous Register: 0.0 ms]
      [Humongous Reclaim: 0.0 ms]
      [Free CSet: 0.2 ms]
   [Eden: 609.0M(609.0M)->0.0B(606.0M) Survivors: 5120.0K->8192.0K Heap: 748.3M(1024.0M)->141.7M(1024.0M)]
 [Times: user=0.03 sys=0.00, real=0.00 secs] 
2018-04-07T19:32:57.105+0600: 3368.839: [GC pause (G1 Evacuation Pause) (young), 0.0042657 secs]
   [Parallel Time: 3.2 ms, GC Workers: 8]
      [GC Worker Start (ms): Min: 3368838.8, Avg: 3368838.8, Max: 3368838.9, Diff: 0.2]
      [Ext Root Scanning (ms): Min: 0.2, Avg: 0.3, Max: 0.5, Diff: 0.3, Sum: 2.5]
      [Update RS (ms): Min: 0.1, Avg: 0.3, Max: 0.5, Diff: 0.3, Sum: 2.3]
         [Processed Buffers: Min: 1, Avg: 3.0, Max: 15, Diff: 14, Sum: 24]
      [Scan RS (ms): Min: 0.0, Avg: 0.1, Max: 0.2, Diff: 0.1, Sum: 0.7]
      [Code Root Scanning (ms): Min: 0.0, Avg: 0.3, Max: 1.1, Diff: 1.1, Sum: 2.4]
      [Object Copy (ms): Min: 1.3, Avg: 2.0, Max: 2.2, Diff: 0.9, Sum: 16.0]
      [Termination (ms): Min: 0.0, Avg: 0.0, Max: 0.0, Diff: 0.0, Sum: 0.0]
         [Termination Attempts: Min: 1, Avg: 1.0, Max: 1, Diff: 0, Sum: 8]
      [GC Worker Other (ms): Min: 0.0, Avg: 0.0, Max: 0.1, Diff: 0.1, Sum: 0.3]
      [GC Worker Total (ms): Min: 3.0, Avg: 3.0, Max: 3.2, Diff: 0.2, Sum: 24.3]
      [GC Worker End (ms): Min: 3368841.9, Avg: 3368841.9, Max: 3368841.9, Diff: 0.1]
   [Code Root Fixup: 0.0 ms]
   [Code Root Purge: 0.0 ms]
   [Clear CT: 0.2 ms]
   [Other: 0.7 ms]
      [Choose CSet: 0.0 ms]
      [Ref Proc: 0.3 ms]
      [Ref Enq: 0.0 ms]
      [Redirty Cards: 0.1 ms]
      [Humongous Register: 0.0 ms]
      [Humongous Reclaim: 0.0 ms]
      [Free CSet: 0.2 ms]
   [Eden: 606.0M(606.0M)->0.0B(610.0M) Survivors: 8192.0K->4096.0K Heap: 747.7M(1024.0M)->138.3M(1024.0M)]
 [Times: user=0.03 sys=0.00, real=0.00 secs] 
2018-04-07T19:40:44.996+0600: 3836.727: [GC pause (G1 Evacuation Pause) (young), 0.0050284 secs]
   [Parallel Time: 3.9 ms, GC Workers: 8]
      [GC Worker Start (ms): Min: 3836726.8, Avg: 3836726.9, Max: 3836727.0, Diff: 0.2]
      [Ext Root Scanning (ms): Min: 0.2, Avg: 0.3, Max: 0.6, Diff: 0.4, Sum: 2.7]
      [Update RS (ms): Min: 0.1, Avg: 0.3, Max: 0.4, Diff: 0.4, Sum: 2.1]
         [Processed Buffers: Min: 1, Avg: 3.4, Max: 18, Diff: 17, Sum: 27]
      [Scan RS (ms): Min: 0.0, Avg: 0.1, Max: 0.2, Diff: 0.1, Sum: 0.7]
      [Code Root Scanning (ms): Min: 0.0, Avg: 0.3, Max: 1.2, Diff: 1.2, Sum: 2.3]
      [Object Copy (ms): Min: 1.8, Avg: 2.6, Max: 2.9, Diff: 1.1, Sum: 20.8]
      [Termination (ms): Min: 0.0, Avg: 0.0, Max: 0.0, Diff: 0.0, Sum: 0.0]
         [Termination Attempts: Min: 1, Avg: 1.0, Max: 1, Diff: 0, Sum: 8]
      [GC Worker Other (ms): Min: 0.0, Avg: 0.0, Max: 0.1, Diff: 0.1, Sum: 0.4]
      [GC Worker Total (ms): Min: 3.5, Avg: 3.6, Max: 3.7, Diff: 0.2, Sum: 29.0]
      [GC Worker End (ms): Min: 3836730.5, Avg: 3836730.5, Max: 3836730.6, Diff: 0.1]
   [Code Root Fixup: 0.0 ms]
   [Code Root Purge: 0.0 ms]
   [Clear CT: 0.2 ms]
   [Other: 0.9 ms]
      [Choose CSet: 0.0 ms]
      [Ref Proc: 0.3 ms]
      [Ref Enq: 0.0 ms]
      [Redirty Cards: 0.2 ms]
      [Humongous Register: 0.0 ms]
      [Humongous Reclaim: 0.0 ms]
      [Free CSet: 0.3 ms]
   [Eden: 610.0M(610.0M)->0.0B(608.0M) Survivors: 4096.0K->6144.0K Heap: 748.3M(1024.0M)->139.7M(1024.0M)]
 [Times: user=0.03 sys=0.00, real=0.01 secs] 
2018-04-07T19:48:35.107+0600: 4306.835: [GC pause (G1 Evacuation Pause) (young), 0.0043809 secs]
   [Parallel Time: 3.4 ms, GC Workers: 8]
      [GC Worker Start (ms): Min: 4306834.7, Avg: 4306834.8, Max: 4306834.8, Diff: 0.2]
      [Ext Root Scanning (ms): Min: 0.2, Avg: 0.3, Max: 0.6, Diff: 0.3, Sum: 2.5]
      [Update RS (ms): Min: 0.0, Avg: 0.3, Max: 0.5, Diff: 0.5, Sum: 2.2]
         [Processed Buffers: Min: 1, Avg: 3.4, Max: 17, Diff: 16, Sum: 27]
      [Scan RS (ms): Min: 0.0, Avg: 0.1, Max: 0.2, Diff: 0.2, Sum: 0.7]
      [Code Root Scanning (ms): Min: 0.0, Avg: 0.3, Max: 1.0, Diff: 1.0, Sum: 2.5]
      [Object Copy (ms): Min: 1.6, Avg: 2.2, Max: 2.5, Diff: 1.0, Sum: 17.6]
      [Termination (ms): Min: 0.0, Avg: 0.0, Max: 0.0, Diff: 0.0, Sum: 0.0]
         [Termination Attempts: Min: 1, Avg: 1.0, Max: 1, Diff: 0, Sum: 8]
      [GC Worker Other (ms): Min: 0.0, Avg: 0.0, Max: 0.1, Diff: 0.1, Sum: 0.3]
      [GC Worker Total (ms): Min: 3.1, Avg: 3.2, Max: 3.3, Diff: 0.2, Sum: 25.7]
      [GC Worker End (ms): Min: 4306837.9, Avg: 4306838.0, Max: 4306838.0, Diff: 0.0]
   [Code Root Fixup: 0.0 ms]
   [Code Root Purge: 0.0 ms]
   [Clear CT: 0.2 ms]
   [Other: 0.7 ms]
      [Choose CSet: 0.0 ms]
      [Ref Proc: 0.2 ms]
      [Ref Enq: 0.0 ms]
      [Redirty Cards: 0.1 ms]
      [Humongous Register: 0.0 ms]
      [Humongous Reclaim: 0.0 ms]
      [Free CSet: 0.2 ms]
   [Eden: 608.0M(608.0M)->0.0B(608.0M) Survivors: 6144.0K->6144.0K Heap: 747.7M(1024.0M)->140.1M(1024.0M)]
 [Times: user=0.03 sys=0.00, real=0.01 secs] 
2018-04-07T19:56:26.764+0600: 4778.488: [GC pause (G1 Evacuation Pause) (young), 0.0050446 secs]
   [Parallel Time: 3.9 ms, GC Workers: 8]
      [GC Worker Start (ms): Min: 4778487.7, Avg: 4778487.8, Max: 4778487.9, Diff: 0.2]
      [Ext Root Scanning (ms): Min: 0.2, Avg: 0.3, Max: 0.6, Diff: 0.4, Sum: 2.6]
      [Update RS (ms): Min: 0.0, Avg: 0.3, Max: 0.4, Diff: 0.4, Sum: 2.1]
         [Processed Buffers: Min: 0, Avg: 3.1, Max: 14, Diff: 14, Sum: 25]
      [Scan RS (ms): Min: 0.0, Avg: 0.1, Max: 0.2, Diff: 0.1, Sum: 0.8]
      [Code Root Scanning (ms): Min: 0.0, Avg: 0.3, Max: 0.8, Diff: 0.8, Sum: 2.6]
      [Object Copy (ms): Min: 2.3, Avg: 2.7, Max: 3.0, Diff: 0.7, Sum: 21.6]
      [Termination (ms): Min: 0.0, Avg: 0.0, Max: 0.0, Diff: 0.0, Sum: 0.0]
         [Termination Attempts: Min: 1, Avg: 1.0, Max: 1, Diff: 0, Sum: 8]
      [GC Worker Other (ms): Min: 0.0, Avg: 0.0, Max: 0.1, Diff: 0.1, Sum: 0.3]
      [GC Worker Total (ms): Min: 3.7, Avg: 3.8, Max: 3.8, Diff: 0.2, Sum: 30.0]
      [GC Worker End (ms): Min: 4778491.6, Avg: 4778491.6, Max: 4778491.6, Diff: 0.1]
   [Code Root Fixup: 0.0 ms]
   [Code Root Purge: 0.0 ms]
   [Clear CT: 0.2 ms]
   [Other: 0.8 ms]
      [Choose CSet: 0.0 ms]
      [Ref Proc: 0.3 ms]
      [Ref Enq: 0.0 ms]
      [Redirty Cards: 0.1 ms]
      [Humongous Register: 0.0 ms]
      [Humongous Reclaim: 0.0 ms]
      [Free CSet: 0.2 ms]
   [Eden: 608.0M(608.0M)->0.0B(607.0M) Survivors: 6144.0K->7168.0K Heap: 748.1M(1024.0M)->141.5M(1024.0M)]
 [Times: user=0.03 sys=0.00, real=0.01 secs] 
2018-04-07T20:04:10.812+0600: 5242.533: [GC pause (G1 Evacuation Pause) (young), 0.0043043 secs]
   [Parallel Time: 3.4 ms, GC Workers: 8]
      [GC Worker Start (ms): Min: 5242533.1, Avg: 5242533.2, Max: 5242533.2, Diff: 0.2]
      [Ext Root Scanning (ms): Min: 0.2, Avg: 0.3, Max: 0.6, Diff: 0.3, Sum: 2.7]
      [Update RS (ms): Min: 0.3, Avg: 0.5, Max: 0.7, Diff: 0.4, Sum: 3.7]
         [Processed Buffers: Min: 1, Avg: 3.0, Max: 12, Diff: 11, Sum: 24]
      [Scan RS (ms): Min: 0.0, Avg: 0.1, Max: 0.2, Diff: 0.1, Sum: 0.7]
      [Code Root Scanning (ms): Min: 0.0, Avg: 0.3, Max: 0.6, Diff: 0.6, Sum: 2.0]
      [Object Copy (ms): Min: 1.8, Avg: 2.0, Max: 2.3, Diff: 0.5, Sum: 16.3]
      [Termination (ms): Min: 0.0, Avg: 0.0, Max: 0.0, Diff: 0.0, Sum: 0.0]
         [Termination Attempts: Min: 1, Avg: 1.0, Max: 1, Diff: 0, Sum: 8]
      [GC Worker Other (ms): Min: 0.0, Avg: 0.0, Max: 0.1, Diff: 0.1, Sum: 0.4]
      [GC Worker Total (ms): Min: 3.1, Avg: 3.2, Max: 3.3, Diff: 0.2, Sum: 25.7]
      [GC Worker End (ms): Min: 5242536.3, Avg: 5242536.4, Max: 5242536.4, Diff: 0.1]
   [Code Root Fixup: 0.0 ms]
   [Code Root Purge: 0.0 ms]
   [Clear CT: 0.2 ms]
   [Other: 0.7 ms]
      [Choose CSet: 0.0 ms]
      [Ref Proc: 0.2 ms]
      [Ref Enq: 0.0 ms]
      [Redirty Cards: 0.1 ms]
      [Humongous Register: 0.0 ms]
      [Humongous Reclaim: 0.0 ms]
      [Free CSet: 0.2 ms]
   [Eden: 607.0M(607.0M)->0.0B(609.0M) Survivors: 7168.0K->5120.0K Heap: 748.5M(1024.0M)->139.5M(1024.0M)]
 [Times: user=0.02 sys=0.00, real=0.01 secs] 
2018-04-07T20:11:58.573+0600: 5710.291: [GC pause (G1 Evacuation Pause) (young), 0.0046120 secs]
   [Parallel Time: 3.6 ms, GC Workers: 8]
      [GC Worker Start (ms): Min: 5710290.9, Avg: 5710291.1, Max: 5710291.2, Diff: 0.2]
      [Ext Root Scanning (ms): Min: 0.3, Avg: 0.4, Max: 0.5, Diff: 0.2, Sum: 3.0]
      [Update RS (ms): Min: 0.1, Avg: 0.5, Max: 0.8, Diff: 0.7, Sum: 3.8]
         [Processed Buffers: Min: 1, Avg: 3.6, Max: 12, Diff: 11, Sum: 29]
      [Scan RS (ms): Min: 0.0, Avg: 0.1, Max: 0.2, Diff: 0.2, Sum: 0.7]
      [Code Root Scanning (ms): Min: 0.0, Avg: 0.1, Max: 0.4, Diff: 0.4, Sum: 0.9]
      [Object Copy (ms): Min: 2.2, Avg: 2.3, Max: 2.4, Diff: 0.3, Sum: 18.3]
      [Termination (ms): Min: 0.0, Avg: 0.0, Max: 0.0, Diff: 0.0, Sum: 0.0]
         [Termination Attempts: Min: 1, Avg: 1.0, Max: 1, Diff: 0, Sum: 8]
      [GC Worker Other (ms): Min: 0.0, Avg: 0.1, Max: 0.1, Diff: 0.1, Sum: 0.4]
      [GC Worker Total (ms): Min: 3.3, Avg: 3.4, Max: 3.5, Diff: 0.2, Sum: 27.1]
      [GC Worker End (ms): Min: 5710294.4, Avg: 5710294.5, Max: 5710294.5, Diff: 0.1]
   [Code Root Fixup: 0.0 ms]
   [Code Root Purge: 0.0 ms]
   [Clear CT: 0.2 ms]
   [Other: 0.8 ms]
      [Choose CSet: 0.0 ms]
      [Ref Proc: 0.3 ms]
      [Ref Enq: 0.0 ms]
      [Redirty Cards: 0.1 ms]
      [Humongous Register: 0.0 ms]
      [Humongous Reclaim: 0.0 ms]
      [Free CSet: 0.2 ms]
   [Eden: 609.0M(609.0M)->0.0B(610.0M) Survivors: 5120.0K->4096.0K Heap: 748.5M(1024.0M)->138.9M(1024.0M)]
 [Times: user=0.03 sys=0.00, real=0.00 secs] 
2018-04-07T20:19:46.225+0600: 6177.939: [GC pause (G1 Evacuation Pause) (young), 0.0042390 secs]
   [Parallel Time: 3.2 ms, GC Workers: 8]
      [GC Worker Start (ms): Min: 6177939.3, Avg: 6177939.4, Max: 6177939.5, Diff: 0.2]
      [Ext Root Scanning (ms): Min: 0.2, Avg: 0.3, Max: 0.5, Diff: 0.3, Sum: 2.6]
      [Update RS (ms): Min: 0.2, Avg: 0.3, Max: 0.4, Diff: 0.2, Sum: 2.1]
         [Processed Buffers: Min: 1, Avg: 4.4, Max: 19, Diff: 18, Sum: 35]
      [Scan RS (ms): Min: 0.0, Avg: 0.1, Max: 0.1, Diff: 0.1, Sum: 0.7]
      [Code Root Scanning (ms): Min: 0.0, Avg: 0.1, Max: 0.5, Diff: 0.5, Sum: 0.8]
      [Object Copy (ms): Min: 1.7, Avg: 2.1, Max: 2.2, Diff: 0.5, Sum: 16.6]
      [Termination (ms): Min: 0.0, Avg: 0.0, Max: 0.0, Diff: 0.0, Sum: 0.0]
         [Termination Attempts: Min: 1, Avg: 1.0, Max: 1, Diff: 0, Sum: 8]
      [GC Worker Other (ms): Min: 0.0, Avg: 0.1, Max: 0.1, Diff: 0.1, Sum: 0.7]
      [GC Worker Total (ms): Min: 2.9, Avg: 2.9, Max: 3.1, Diff: 0.2, Sum: 23.6]
      [GC Worker End (ms): Min: 6177942.3, Avg: 6177942.4, Max: 6177942.4, Diff: 0.1]
   [Code Root Fixup: 0.0 ms]
   [Code Root Purge: 0.0 ms]
   [Clear CT: 0.2 ms]
   [Other: 0.8 ms]
      [Choose CSet: 0.0 ms]
      [Ref Proc: 0.3 ms]
      [Ref Enq: 0.0 ms]
      [Redirty Cards: 0.1 ms]
      [Humongous Register: 0.0 ms]
      [Humongous Reclaim: 0.0 ms]
      [Free CSet: 0.2 ms]
   [Eden: 610.0M(610.0M)->0.0B(610.0M) Survivors: 4096.0K->4096.0K Heap: 748.9M(1024.0M)->139.5M(1024.0M)]
 [Times: user=0.02 sys=0.00, real=0.01 secs] 
2018-04-07T20:27:35.698+0600: 6647.410: [GC pause (G1 Evacuation Pause) (young), 0.0050397 secs]
   [Parallel Time: 4.0 ms, GC Workers: 8]
      [GC Worker Start (ms): Min: 6647410.0, Avg: 6647410.1, Max: 6647410.2, Diff: 0.2]
      [Ext Root Scanning (ms): Min: 0.3, Avg: 0.4, Max: 0.5, Diff: 0.3, Sum: 2.9]
      [Update RS (ms): Min: 0.2, Avg: 0.2, Max: 0.5, Diff: 0.3, Sum: 2.0]
         [Processed Buffers: Min: 1, Avg: 4.5, Max: 15, Diff: 14, Sum: 36]
      [Scan RS (ms): Min: 0.0, Avg: 0.1, Max: 0.1, Diff: 0.1, Sum: 0.8]
      [Code Root Scanning (ms): Min: 0.0, Avg: 0.1, Max: 0.3, Diff: 0.3, Sum: 0.9]
      [Object Copy (ms): Min: 2.4, Avg: 2.6, Max: 2.7, Diff: 0.3, Sum: 20.4]
      [Termination (ms): Min: 0.0, Avg: 0.4, Max: 0.5, Diff: 0.5, Sum: 3.2]
         [Termination Attempts: Min: 1, Avg: 1.8, Max: 2, Diff: 1, Sum: 14]
      [GC Worker Other (ms): Min: 0.0, Avg: 0.0, Max: 0.0, Diff: 0.0, Sum: 0.1]
      [GC Worker Total (ms): Min: 3.5, Avg: 3.8, Max: 4.0, Diff: 0.4, Sum: 30.2]
      [GC Worker End (ms): Min: 6647413.7, Avg: 6647413.9, Max: 6647414.0, Diff: 0.3]
   [Code Root Fixup: 0.0 ms]
   [Code Root Purge: 0.0 ms]
   [Clear CT: 0.2 ms]
   [Other: 0.8 ms]
      [Choose CSet: 0.0 ms]
      [Ref Proc: 0.3 ms]
      [Ref Enq: 0.0 ms]
      [Redirty Cards: 0.2 ms]
      [Humongous Register: 0.0 ms]
      [Humongous Reclaim: 0.0 ms]
      [Free CSet: 0.2 ms]
   [Eden: 610.0M(610.0M)->0.0B(608.0M) Survivors: 4096.0K->6144.0K Heap: 749.5M(1024.0M)->141.3M(1024.0M)]
 [Times: user=0.03 sys=0.01, real=0.02 secs] 
2018-04-07T20:35:21.666+0600: 7113.375: [GC pause (G1 Evacuation Pause) (young), 0.0044415 secs]
   [Parallel Time: 3.0 ms, GC Workers: 8]
      [GC Worker Start (ms): Min: 7113374.8, Avg: 7113374.9, Max: 7113374.9, Diff: 0.2]
      [Ext Root Scanning (ms): Min: 0.2, Avg: 0.3, Max: 0.4, Diff: 0.2, Sum: 2.4]
      [Update RS (ms): Min: 0.2, Avg: 0.3, Max: 0.4, Diff: 0.2, Sum: 2.3]
         [Processed Buffers: Min: 1, Avg: 4.4, Max: 18, Diff: 17, Sum: 35]
      [Scan RS (ms): Min: 0.0, Avg: 0.1, Max: 0.1, Diff: 0.1, Sum: 0.7]
      [Code Root Scanning (ms): Min: 0.0, Avg: 0.1, Max: 0.2, Diff: 0.2, Sum: 0.6]
      [Object Copy (ms): Min: 1.8, Avg: 2.0, Max: 2.0, Diff: 0.2, Sum: 15.6]
      [Termination (ms): Min: 0.0, Avg: 0.0, Max: 0.0, Diff: 0.0, Sum: 0.0]
         [Termination Attempts: Min: 1, Avg: 1.0, Max: 1, Diff: 0, Sum: 8]
      [GC Worker Other (ms): Min: 0.0, Avg: 0.0, Max: 0.1, Diff: 0.1, Sum: 0.4]
      [GC Worker Total (ms): Min: 2.7, Avg: 2.8, Max: 2.8, Diff: 0.1, Sum: 22.0]
      [GC Worker End (ms): Min: 7113377.6, Avg: 7113377.6, Max: 7113377.6, Diff: 0.1]
   [Code Root Fixup: 0.0 ms]
   [Code Root Purge: 0.0 ms]
   [Clear CT: 0.2 ms]
   [Other: 1.2 ms]
      [Choose CSet: 0.0 ms]
      [Ref Proc: 0.7 ms]
      [Ref Enq: 0.0 ms]
      [Redirty Cards: 0.2 ms]
      [Humongous Register: 0.0 ms]
      [Humongous Reclaim: 0.0 ms]
      [Free CSet: 0.2 ms]
   [Eden: 608.0M(608.0M)->0.0B(610.0M) Survivors: 6144.0K->4096.0K Heap: 749.3M(1024.0M)->139.3M(1024.0M)]
 [Times: user=0.03 sys=0.00, real=0.01 secs] 
2018-04-07T20:43:09.711+0600: 7581.417: [GC pause (G1 Evacuation Pause) (young), 0.0040035 secs]
   [Parallel Time: 3.1 ms, GC Workers: 8]
      [GC Worker Start (ms): Min: 7581417.0, Avg: 7581417.1, Max: 7581417.2, Diff: 0.2]
      [Ext Root Scanning (ms): Min: 0.2, Avg: 0.3, Max: 0.4, Diff: 0.2, Sum: 2.4]
      [Update RS (ms): Min: 0.2, Avg: 0.2, Max: 0.3, Diff: 0.2, Sum: 1.9]
         [Processed Buffers: Min: 1, Avg: 4.9, Max: 14, Diff: 13, Sum: 39]
      [Scan RS (ms): Min: 0.0, Avg: 0.1, Max: 0.1, Diff: 0.1, Sum: 0.7]
      [Code Root Scanning (ms): Min: 0.0, Avg: 0.1, Max: 0.2, Diff: 0.2, Sum: 0.4]
      [Object Copy (ms): Min: 2.0, Avg: 2.1, Max: 2.2, Diff: 0.2, Sum: 17.1]
      [Termination (ms): Min: 0.0, Avg: 0.0, Max: 0.0, Diff: 0.0, Sum: 0.0]
         [Termination Attempts: Min: 1, Avg: 1.0, Max: 1, Diff: 0, Sum: 8]
      [GC Worker Other (ms): Min: 0.0, Avg: 0.1, Max: 0.1, Diff: 0.1, Sum: 0.4]
      [GC Worker Total (ms): Min: 2.8, Avg: 2.9, Max: 3.0, Diff: 0.2, Sum: 23.0]
      [GC Worker End (ms): Min: 7581420.0, Avg: 7581420.0, Max: 7581420.0, Diff: 0.1]
   [Code Root Fixup: 0.0 ms]
   [Code Root Purge: 0.0 ms]
   [Clear CT: 0.2 ms]
   [Other: 0.7 ms]
      [Choose CSet: 0.0 ms]
      [Ref Proc: 0.3 ms]
      [Ref Enq: 0.0 ms]
      [Redirty Cards: 0.1 ms]
      [Humongous Register: 0.0 ms]
      [Humongous Reclaim: 0.0 ms]
      [Free CSet: 0.2 ms]
   [Eden: 610.0M(610.0M)->0.0B(609.0M) Survivors: 4096.0K->5120.0K Heap: 749.3M(1024.0M)->140.2M(1024.0M)]
 [Times: user=0.02 sys=0.01, real=0.01 secs] 
2018-04-07T20:50:56.154+0600: 8047.857: [GC pause (G1 Evacuation Pause) (young), 0.0040170 secs]
   [Parallel Time: 3.0 ms, GC Workers: 8]
      [GC Worker Start (ms): Min: 8047856.8, Avg: 8047856.9, Max: 8047857.0, Diff: 0.2]
      [Ext Root Scanning (ms): Min: 0.3, Avg: 0.3, Max: 0.5, Diff: 0.3, Sum: 2.8]
      [Update RS (ms): Min: 0.2, Avg: 0.3, Max: 0.4, Diff: 0.2, Sum: 2.1]
         [Processed Buffers: Min: 1, Avg: 5.0, Max: 14, Diff: 13, Sum: 40]
      [Scan RS (ms): Min: 0.0, Avg: 0.1, Max: 0.2, Diff: 0.1, Sum: 0.7]
      [Code Root Scanning (ms): Min: 0.0, Avg: 0.1, Max: 0.2, Diff: 0.2, Sum: 0.4]
      [Object Copy (ms): Min: 1.8, Avg: 1.9, Max: 1.9, Diff: 0.2, Sum: 15.1]
      [Termination (ms): Min: 0.0, Avg: 0.0, Max: 0.0, Diff: 0.0, Sum: 0.0]
         [Termination Attempts: Min: 1, Avg: 1.0, Max: 1, Diff: 0, Sum: 8]
      [GC Worker Other (ms): Min: 0.0, Avg: 0.1, Max: 0.1, Diff: 0.1, Sum: 0.6]
      [GC Worker Total (ms): Min: 2.6, Avg: 2.7, Max: 2.8, Diff: 0.2, Sum: 21.8]
      [GC Worker End (ms): Min: 8047859.6, Avg: 8047859.6, Max: 8047859.7, Diff: 0.1]
   [Code Root Fixup: 0.0 ms]
   [Code Root Purge: 0.0 ms]
   [Clear CT: 0.2 ms]
   [Other: 0.8 ms]
      [Choose CSet: 0.0 ms]
      [Ref Proc: 0.3 ms]
      [Ref Enq: 0.0 ms]
      [Redirty Cards: 0.1 ms]
      [Humongous Register: 0.0 ms]
      [Humongous Reclaim: 0.0 ms]
      [Free CSet: 0.2 ms]
   [Eden: 609.0M(609.0M)->0.0B(610.0M) Survivors: 5120.0K->4096.0K Heap: 749.2M(1024.0M)->139.4M(1024.0M)]
 [Times: user=0.02 sys=0.00, real=0.01 secs] 
2018-04-07T20:58:41.313+0600: 8513.013: [GC pause (G1 Evacuation Pause) (young), 0.0040330 secs]
   [Parallel Time: 3.0 ms, GC Workers: 8]
      [GC Worker Start (ms): Min: 8513013.0, Avg: 8513013.1, Max: 8513013.2, Diff: 0.2]
      [Ext Root Scanning (ms): Min: 0.2, Avg: 0.3, Max: 0.4, Diff: 0.2, Sum: 2.4]
      [Update RS (ms): Min: 0.2, Avg: 0.2, Max: 0.3, Diff: 0.2, Sum: 1.7]
         [Processed Buffers: Min: 1, Avg: 4.8, Max: 13, Diff: 12, Sum: 38]
      [Scan RS (ms): Min: 0.0, Avg: 0.1, Max: 0.1, Diff: 0.1, Sum: 0.7]
      [Code Root Scanning (ms): Min: 0.0, Avg: 0.1, Max: 0.2, Diff: 0.2, Sum: 0.4]
      [Object Copy (ms): Min: 2.0, Avg: 2.1, Max: 2.1, Diff: 0.1, Sum: 16.5]
      [Termination (ms): Min: 0.0, Avg: 0.0, Max: 0.0, Diff: 0.0, Sum: 0.0]
         [Termination Attempts: Min: 1, Avg: 1.0, Max: 1, Diff: 0, Sum: 8]
      [GC Worker Other (ms): Min: 0.0, Avg: 0.1, Max: 0.1, Diff: 0.1, Sum: 0.5]
      [GC Worker Total (ms): Min: 2.7, Avg: 2.8, Max: 2.9, Diff: 0.1, Sum: 22.2]
      [GC Worker End (ms): Min: 8513015.8, Avg: 8513015.9, Max: 8513015.9, Diff: 0.1]
   [Code Root Fixup: 0.0 ms]
   [Code Root Purge: 0.0 ms]
   [Clear CT: 0.1 ms]
   [Other: 0.9 ms]
      [Choose CSet: 0.0 ms]
      [Ref Proc: 0.4 ms]
      [Ref Enq: 0.0 ms]
      [Redirty Cards: 0.2 ms]
      [Humongous Register: 0.0 ms]
      [Humongous Reclaim: 0.0 ms]
      [Free CSet: 0.2 ms]
   [Eden: 610.0M(610.0M)->0.0B(609.0M) Survivors: 4096.0K->5120.0K Heap: 749.4M(1024.0M)->140.3M(1024.0M)]
 [Times: user=0.02 sys=0.00, real=0.01 secs] 
2018-04-07T21:06:18.463+0600: 8970.161: [GC pause (G1 Evacuation Pause) (young), 0.0039767 secs]
   [Parallel Time: 3.1 ms, GC Workers: 8]
      [GC Worker Start (ms): Min: 8970161.0, Avg: 8970161.2, Max: 8970161.3, Diff: 0.2]
      [Ext Root Scanning (ms): Min: 0.2, Avg: 0.3, Max: 0.5, Diff: 0.2, Sum: 2.8]
      [Update RS (ms): Min: 0.2, Avg: 0.2, Max: 0.3, Diff: 0.1, Sum: 1.6]
         [Processed Buffers: Min: 1, Avg: 4.5, Max: 10, Diff: 9, Sum: 36]
      [Scan RS (ms): Min: 0.1, Avg: 0.1, Max: 0.1, Diff: 0.1, Sum: 0.7]
      [Code Root Scanning (ms): Min: 0.0, Avg: 0.0, Max: 0.1, Diff: 0.1, Sum: 0.3]
      [Object Copy (ms): Min: 2.0, Avg: 2.1, Max: 2.2, Diff: 0.1, Sum: 17.0]
      [Termination (ms): Min: 0.0, Avg: 0.0, Max: 0.0, Diff: 0.0, Sum: 0.0]
         [Termination Attempts: Min: 1, Avg: 1.0, Max: 1, Diff: 0, Sum: 8]
      [GC Worker Other (ms): Min: 0.0, Avg: 0.0, Max: 0.1, Diff: 0.0, Sum: 0.3]
      [GC Worker Total (ms): Min: 2.8, Avg: 2.9, Max: 3.0, Diff: 0.2, Sum: 22.9]
      [GC Worker End (ms): Min: 8970164.0, Avg: 8970164.0, Max: 8970164.1, Diff: 0.0]
   [Code Root Fixup: 0.0 ms]
   [Code Root Purge: 0.0 ms]
   [Clear CT: 0.2 ms]
   [Other: 0.7 ms]
      [Choose CSet: 0.0 ms]
      [Ref Proc: 0.2 ms]
      [Ref Enq: 0.0 ms]
      [Redirty Cards: 0.1 ms]
      [Humongous Register: 0.0 ms]
      [Humongous Reclaim: 0.0 ms]
      [Free CSet: 0.2 ms]
   [Eden: 609.0M(609.0M)->0.0B(608.0M) Survivors: 5120.0K->6144.0K Heap: 749.3M(1024.0M)->141.6M(1024.0M)]
 [Times: user=0.03 sys=0.00, real=0.01 secs] 
2018-04-07T21:13:56.633+0600: 9428.327: [GC pause (G1 Evacuation Pause) (young), 0.0041135 secs]
   [Parallel Time: 3.1 ms, GC Workers: 8]
      [GC Worker Start (ms): Min: 9428327.6, Avg: 9428327.7, Max: 9428327.8, Diff: 0.2]
      [Ext Root Scanning (ms): Min: 0.2, Avg: 0.3, Max: 0.5, Diff: 0.3, Sum: 2.8]
      [Update RS (ms): Min: 0.2, Avg: 0.2, Max: 0.3, Diff: 0.1, Sum: 1.7]
         [Processed Buffers: Min: 1, Avg: 4.6, Max: 13, Diff: 12, Sum: 37]
      [Scan RS (ms): Min: 0.1, Avg: 0.1, Max: 0.1, Diff: 0.1, Sum: 0.8]
      [Code Root Scanning (ms): Min: 0.0, Avg: 0.0, Max: 0.1, Diff: 0.1, Sum: 0.3]
      [Object Copy (ms): Min: 2.1, Avg: 2.2, Max: 2.2, Diff: 0.1, Sum: 17.3]
      [Termination (ms): Min: 0.0, Avg: 0.0, Max: 0.0, Diff: 0.0, Sum: 0.0]
         [Termination Attempts: Min: 1, Avg: 1.0, Max: 1, Diff: 0, Sum: 8]
      [GC Worker Other (ms): Min: 0.0, Avg: 0.1, Max: 0.1, Diff: 0.1, Sum: 0.5]
      [GC Worker Total (ms): Min: 2.8, Avg: 2.9, Max: 3.1, Diff: 0.3, Sum: 23.4]
      [GC Worker End (ms): Min: 9428330.6, Avg: 9428330.6, Max: 9428330.7, Diff: 0.1]
   [Code Root Fixup: 0.0 ms]
   [Code Root Purge: 0.0 ms]
   [Clear CT: 0.2 ms]
   [Other: 0.8 ms]
      [Choose CSet: 0.0 ms]
      [Ref Proc: 0.3 ms]
      [Ref Enq: 0.0 ms]
      [Redirty Cards: 0.1 ms]
      [Humongous Register: 0.0 ms]
      [Humongous Reclaim: 0.0 ms]
      [Free CSet: 0.2 ms]
   [Eden: 608.0M(608.0M)->0.0B(610.0M) Survivors: 6144.0K->4096.0K Heap: 749.6M(1024.0M)->139.4M(1024.0M)]
 [Times: user=0.03 sys=0.00, real=0.00 secs] 
2018-04-07T21:21:41.515+0600: 9893.207: [GC pause (G1 Evacuation Pause) (young), 0.0046795 secs]
   [Parallel Time: 3.7 ms, GC Workers: 8]
      [GC Worker Start (ms): Min: 9893207.2, Avg: 9893207.4, Max: 9893208.1, Diff: 0.9]
      [Ext Root Scanning (ms): Min: 0.0, Avg: 0.3, Max: 0.5, Diff: 0.5, Sum: 2.7]
      [Update RS (ms): Min: 0.0, Avg: 0.2, Max: 0.3, Diff: 0.3, Sum: 1.6]
         [Processed Buffers: Min: 0, Avg: 4.8, Max: 14, Diff: 14, Sum: 38]
      [Scan RS (ms): Min: 0.1, Avg: 0.1, Max: 0.1, Diff: 0.1, Sum: 0.8]
      [Code Root Scanning (ms): Min: 0.0, Avg: 0.0, Max: 0.1, Diff: 0.1, Sum: 0.3]
      [Object Copy (ms): Min: 2.3, Avg: 2.4, Max: 2.5, Diff: 0.2, Sum: 19.5]
      [Termination (ms): Min: 0.0, Avg: 0.1, Max: 0.1, Diff: 0.1, Sum: 0.5]
         [Termination Attempts: Min: 1, Avg: 1.0, Max: 1, Diff: 0, Sum: 8]
      [GC Worker Other (ms): Min: 0.0, Avg: 0.1, Max: 0.1, Diff: 0.1, Sum: 0.5]
      [GC Worker Total (ms): Min: 2.6, Avg: 3.2, Max: 3.5, Diff: 0.9, Sum: 25.9]
      [GC Worker End (ms): Min: 9893210.6, Avg: 9893210.7, Max: 9893210.7, Diff: 0.1]
   [Code Root Fixup: 0.0 ms]
   [Code Root Purge: 0.0 ms]
   [Clear CT: 0.2 ms]
   [Other: 0.8 ms]
      [Choose CSet: 0.0 ms]
      [Ref Proc: 0.3 ms]
      [Ref Enq: 0.0 ms]
      [Redirty Cards: 0.1 ms]
      [Humongous Register: 0.0 ms]
      [Humongous Reclaim: 0.0 ms]
      [Free CSet: 0.2 ms]
   [Eden: 610.0M(610.0M)->0.0B(608.0M) Survivors: 4096.0K->6144.0K Heap: 749.4M(1024.0M)->141.6M(1024.0M)]
 [Times: user=0.03 sys=0.00, real=0.01 secs] 
2018-04-07T21:29:29.725+0600: 10361.415: [GC pause (G1 Evacuation Pause) (young), 0.0046057 secs]
   [Parallel Time: 2.9 ms, GC Workers: 8]
      [GC Worker Start (ms): Min: 10361414.8, Avg: 10361414.9, Max: 10361415.1, Diff: 0.3]
      [Ext Root Scanning (ms): Min: 0.1, Avg: 0.3, Max: 0.4, Diff: 0.4, Sum: 2.3]
      [Update RS (ms): Min: 0.1, Avg: 0.2, Max: 0.3, Diff: 0.2, Sum: 1.6]
         [Processed Buffers: Min: 1, Avg: 4.9, Max: 10, Diff: 9, Sum: 39]
      [Scan RS (ms): Min: 0.0, Avg: 0.1, Max: 0.1, Diff: 0.1, Sum: 0.7]
      [Code Root Scanning (ms): Min: 0.0, Avg: 0.0, Max: 0.1, Diff: 0.1, Sum: 0.3]
      [Object Copy (ms): Min: 2.0, Avg: 2.0, Max: 2.1, Diff: 0.1, Sum: 16.2]
      [Termination (ms): Min: 0.0, Avg: 0.0, Max: 0.0, Diff: 0.0, Sum: 0.0]
         [Termination Attempts: Min: 1, Avg: 1.0, Max: 1, Diff: 0, Sum: 8]
      [GC Worker Other (ms): Min: 0.0, Avg: 0.1, Max: 0.1, Diff: 0.1, Sum: 0.4]
      [GC Worker Total (ms): Min: 2.4, Avg: 2.7, Max: 2.8, Diff: 0.4, Sum: 21.5]
      [GC Worker End (ms): Min: 10361417.5, Avg: 10361417.6, Max: 10361417.6, Diff: 0.1]
   [Code Root Fixup: 0.0 ms]
   [Code Root Purge: 0.0 ms]
   [Clear CT: 0.2 ms]
   [Other: 1.5 ms]
      [Choose CSet: 0.0 ms]
      [Ref Proc: 1.0 ms]
      [Ref Enq: 0.0 ms]
      [Redirty Cards: 0.2 ms]
      [Humongous Register: 0.0 ms]
      [Humongous Reclaim: 0.0 ms]
      [Free CSet: 0.2 ms]
   [Eden: 608.0M(608.0M)->0.0B(610.0M) Survivors: 6144.0K->4096.0K Heap: 749.6M(1024.0M)->139.7M(1024.0M)]
 [Times: user=0.03 sys=0.00, real=0.01 secs] 
2018-04-07T21:37:20.648+0600: 10832.335: [GC pause (G1 Evacuation Pause) (young), 0.0059876 secs]
   [Parallel Time: 4.1 ms, GC Workers: 8]
      [GC Worker Start (ms): Min: 10832334.9, Avg: 10832335.3, Max: 10832335.5, Diff: 0.6]
      [Ext Root Scanning (ms): Min: 0.1, Avg: 0.3, Max: 0.7, Diff: 0.6, Sum: 2.5]
      [Update RS (ms): Min: 0.1, Avg: 0.2, Max: 0.4, Diff: 0.3, Sum: 2.0]
         [Processed Buffers: Min: 1, Avg: 4.9, Max: 12, Diff: 11, Sum: 39]
      [Scan RS (ms): Min: 0.0, Avg: 0.1, Max: 0.2, Diff: 0.1, Sum: 0.8]
      [Code Root Scanning (ms): Min: 0.0, Avg: 0.4, Max: 2.9, Diff: 2.9, Sum: 3.3]
      [Object Copy (ms): Min: 0.1, Avg: 1.8, Max: 2.2, Diff: 2.1, Sum: 14.8]
      [Termination (ms): Min: 0.0, Avg: 0.7, Max: 0.8, Diff: 0.8, Sum: 5.8]
         [Termination Attempts: Min: 1, Avg: 1.0, Max: 1, Diff: 0, Sum: 8]
      [GC Worker Other (ms): Min: 0.0, Avg: 0.0, Max: 0.0, Diff: 0.0, Sum: 0.1]
      [GC Worker Total (ms): Min: 3.4, Avg: 3.7, Max: 4.0, Diff: 0.6, Sum: 29.3]
      [GC Worker End (ms): Min: 10832338.9, Avg: 10832338.9, Max: 10832339.0, Diff: 0.0]
   [Code Root Fixup: 0.0 ms]
   [Code Root Purge: 0.0 ms]
   [Clear CT: 0.2 ms]
   [Other: 1.6 ms]
      [Choose CSet: 0.0 ms]
      [Ref Proc: 1.0 ms]
      [Ref Enq: 0.0 ms]
      [Redirty Cards: 0.1 ms]
      [Humongous Register: 0.0 ms]
      [Humongous Reclaim: 0.0 ms]
      [Free CSet: 0.2 ms]
   [Eden: 610.0M(610.0M)->0.0B(610.0M) Survivors: 4096.0K->4096.0K Heap: 749.7M(1024.0M)->139.7M(1024.0M)]
 [Times: user=0.03 sys=0.00, real=0.01 secs] 
2018-04-07T21:45:13.159+0600: 11304.843: [GC pause (G1 Evacuation Pause) (young), 0.0047653 secs]
   [Parallel Time: 3.6 ms, GC Workers: 8]
      [GC Worker Start (ms): Min: 11304842.7, Avg: 11304842.8, Max: 11304842.9, Diff: 0.2]
      [Ext Root Scanning (ms): Min: 0.3, Avg: 0.4, Max: 0.5, Diff: 0.2, Sum: 2.8]
      [Update RS (ms): Min: 0.2, Avg: 0.2, Max: 0.3, Diff: 0.1, Sum: 1.6]
         [Processed Buffers: Min: 1, Avg: 5.0, Max: 10, Diff: 9, Sum: 40]
      [Scan RS (ms): Min: 0.0, Avg: 0.1, Max: 0.1, Diff: 0.1, Sum: 0.7]
      [Code Root Scanning (ms): Min: 0.0, Avg: 0.0, Max: 0.1, Diff: 0.1, Sum: 0.2]
      [Object Copy (ms): Min: 2.6, Avg: 2.6, Max: 2.7, Diff: 0.1, Sum: 21.0]
      [Termination (ms): Min: 0.0, Avg: 0.0, Max: 0.0, Diff: 0.0, Sum: 0.0]
         [Termination Attempts: Min: 1, Avg: 1.0, Max: 1, Diff: 0, Sum: 8]
      [GC Worker Other (ms): Min: 0.0, Avg: 0.1, Max: 0.1, Diff: 0.1, Sum: 0.5]
      [GC Worker Total (ms): Min: 3.2, Avg: 3.4, Max: 3.5, Diff: 0.3, Sum: 26.8]
      [GC Worker End (ms): Min: 11304846.1, Avg: 11304846.1, Max: 11304846.2, Diff: 0.1]
   [Code Root Fixup: 0.0 ms]
   [Code Root Purge: 0.0 ms]
   [Clear CT: 0.2 ms]
   [Other: 0.9 ms]
      [Choose CSet: 0.0 ms]
      [Ref Proc: 0.3 ms]
      [Ref Enq: 0.0 ms]
      [Redirty Cards: 0.2 ms]
      [Humongous Register: 0.0 ms]
      [Humongous Reclaim: 0.0 ms]
      [Free CSet: 0.2 ms]
   [Eden: 610.0M(610.0M)->0.0B(608.0M) Survivors: 4096.0K->6144.0K Heap: 749.7M(1024.0M)->141.7M(1024.0M)]
 [Times: user=0.03 sys=0.01, real=0.02 secs] 
2018-04-07T21:53:09.477+0600: 11781.158: [GC pause (G1 Evacuation Pause) (young), 0.0046049 secs]
   [Parallel Time: 3.4 ms, GC Workers: 8]
      [GC Worker Start (ms): Min: 11781157.9, Avg: 11781158.0, Max: 11781158.1, Diff: 0.2]
      [Ext Root Scanning (ms): Min: 0.3, Avg: 0.3, Max: 0.5, Diff: 0.3, Sum: 2.8]
      [Update RS (ms): Min: 0.2, Avg: 0.2, Max: 0.3, Diff: 0.1, Sum: 1.6]
         [Processed Buffers: Min: 1, Avg: 4.9, Max: 11, Diff: 10, Sum: 39]
      [Scan RS (ms): Min: 0.1, Avg: 0.1, Max: 0.1, Diff: 0.1, Sum: 0.8]
      [Code Root Scanning (ms): Min: 0.0, Avg: 0.0, Max: 0.0, Diff: 0.0, Sum: 0.1]
      [Object Copy (ms): Min: 2.5, Avg: 2.5, Max: 2.5, Diff: 0.0, Sum: 20.0]
      [Termination (ms): Min: 0.0, Avg: 0.0, Max: 0.0, Diff: 0.0, Sum: 0.0]
         [Termination Attempts: Min: 1, Avg: 1.0, Max: 1, Diff: 0, Sum: 8]
      [GC Worker Other (ms): Min: 0.0, Avg: 0.1, Max: 0.1, Diff: 0.1, Sum: 0.5]
      [GC Worker Total (ms): Min: 3.1, Avg: 3.2, Max: 3.4, Diff: 0.2, Sum: 25.8]
      [GC Worker End (ms): Min: 11781161.2, Avg: 11781161.2, Max: 11781161.3, Diff: 0.1]
   [Code Root Fixup: 0.0 ms]
   [Code Root Purge: 0.0 ms]
   [Clear CT: 0.2 ms]
   [Other: 0.9 ms]
      [Choose CSet: 0.0 ms]
      [Ref Proc: 0.3 ms]
      [Ref Enq: 0.0 ms]
      [Redirty Cards: 0.2 ms]
      [Humongous Register: 0.0 ms]
      [Humongous Reclaim: 0.0 ms]
      [Free CSet: 0.2 ms]
   [Eden: 608.0M(608.0M)->0.0B(609.0M) Survivors: 6144.0K->5120.0K Heap: 749.7M(1024.0M)->140.8M(1024.0M)]
 [Times: user=0.02 sys=0.00, real=0.01 secs] 
2018-04-07T22:01:05.170+0600: 12256.849: [GC pause (G1 Evacuation Pause) (young), 0.0085057 secs]
   [Parallel Time: 6.6 ms, GC Workers: 8]
      [GC Worker Start (ms): Min: 12256849.1, Avg: 12256849.3, Max: 12256849.4, Diff: 0.3]
      [Ext Root Scanning (ms): Min: 0.5, Avg: 0.6, Max: 0.7, Diff: 0.3, Sum: 4.5]
      [Update RS (ms): Min: 0.3, Avg: 0.4, Max: 0.5, Diff: 0.2, Sum: 2.9]
         [Processed Buffers: Min: 1, Avg: 4.8, Max: 13, Diff: 12, Sum: 38]
      [Scan RS (ms): Min: 0.1, Avg: 0.2, Max: 0.2, Diff: 0.1, Sum: 1.3]
      [Code Root Scanning (ms): Min: 0.0, Avg: 0.0, Max: 0.1, Diff: 0.1, Sum: 0.3]
      [Object Copy (ms): Min: 4.9, Avg: 4.9, Max: 5.0, Diff: 0.0, Sum: 39.6]
      [Termination (ms): Min: 0.0, Avg: 0.0, Max: 0.0, Diff: 0.0, Sum: 0.0]
         [Termination Attempts: Min: 1, Avg: 1.0, Max: 1, Diff: 0, Sum: 8]
      [GC Worker Other (ms): Min: 0.0, Avg: 0.1, Max: 0.2, Diff: 0.2, Sum: 0.8]
      [GC Worker Total (ms): Min: 6.0, Avg: 6.2, Max: 6.4, Diff: 0.4, Sum: 49.4]
      [GC Worker End (ms): Min: 12256855.4, Avg: 12256855.4, Max: 12256855.5, Diff: 0.2]
   [Code Root Fixup: 0.0 ms]
   [Code Root Purge: 0.0 ms]
   [Clear CT: 0.4 ms]
   [Other: 1.5 ms]
      [Choose CSet: 0.0 ms]
      [Ref Proc: 0.5 ms]
      [Ref Enq: 0.0 ms]
      [Redirty Cards: 0.3 ms]
      [Humongous Register: 0.0 ms]
      [Humongous Reclaim: 0.0 ms]
      [Free CSet: 0.3 ms]
   [Eden: 609.0M(609.0M)->0.0B(610.0M) Survivors: 5120.0K->4096.0K Heap: 749.8M(1024.0M)->139.6M(1024.0M)]
 [Times: user=0.05 sys=0.00, real=0.00 secs] 
