Java HotSpot(TM) 64-Bit Server VM (25.161-b12) for bsd-amd64 JRE (1.8.0_161-b12), built on Dec 19 2017 16:22:20 by "java_re" with gcc 4.2.1 (Based on Apple Inc. build 5658) (LLVM build 2336.11.00)
Memory: 4k page, physical 16777216k(28692k free)

/proc/meminfo:

CommandLine flags: -XX:GCLogFileSize=10241024 -XX:InitialHeapSize=268435456 -XX:MaxHeapSize=805306368 -XX:NumberOfGCLogFiles=10 -XX:+PrintGC -XX:+PrintGCDateStamps -XX:+PrintGCTimeStamps -XX:+UseCompressedClassPointers -XX:+UseCompressedOops -XX:+UseGCLogFileRotation -XX:+UseParallelGC 
2018-04-07T18:48:25.943+0600: 0.696: [GC (Allocation Failure)  65536K->7814K(251392K), 0.0061568 secs]
2018-04-07T18:48:36.517+0600: 11.269: [GC (Allocation Failure)  73350K->7769K(251392K), 0.0063468 secs]
2018-04-07T18:48:41.644+0600: 16.397: [GC (System.gc())  26381K->4583K(251392K), 0.0041774 secs]
2018-04-07T18:48:41.648+0600: 16.401: [Full GC (System.gc())  4583K->4342K(251392K), 0.0202794 secs]
2018-04-07T18:50:26.473+0600: 121.225: [GC (Allocation Failure)  69878K->10727K(251392K), 0.0122090 secs]
2018-04-07T18:55:14.454+0600: 409.204: [GC (Allocation Failure)  76263K->14598K(251392K), 0.0133888 secs]
2018-04-07T19:00:10.265+0600: 705.013: [GC (Allocation Failure)  80134K->14574K(249856K), 0.0086149 secs]
2018-04-07T19:04:52.340+0600: 987.086: [GC (Allocation Failure)  78574K->14758K(248320K), 0.0080897 secs]
2018-04-07T19:09:37.215+0600: 1271.958: [GC (Allocation Failure)  77222K->14542K(248320K), 0.0078071 secs]
2018-04-07T19:14:24.957+0600: 1559.699: [GC (Allocation Failure)  75982K->14441K(245248K), 0.0078666 secs]
2018-04-07T19:19:11.218+0600: 1845.957: [GC (Allocation Failure)  74857K->14121K(246272K), 0.0060394 secs]
2018-04-07T19:23:56.306+0600: 2131.044: [GC (Allocation Failure)  73513K->14137K(242688K), 0.0068058 secs]
2018-04-07T19:28:36.378+0600: 2411.113: [GC (Allocation Failure)  72505K->14233K(243712K), 0.0064602 secs]
2018-04-07T19:33:13.488+0600: 2688.222: [GC (Allocation Failure)  71577K->23449K(243200K), 0.0128722 secs]
2018-04-07T19:37:49.313+0600: 2964.045: [GC (Allocation Failure)  79769K->32721K(243200K), 0.0187518 secs]
2018-04-07T19:42:24.633+0600: 3239.363: [GC (Allocation Failure)  88017K->41993K(241152K), 0.0157817 secs]
2018-04-07T19:46:56.328+0600: 3511.055: [GC (Allocation Failure)  96265K->51105K(242176K), 0.0162456 secs]
2018-04-07T19:48:41.700+0600: 3616.426: [GC (System.gc())  73236K->54865K(242688K), 0.0161558 secs]
2018-04-07T19:48:41.716+0600: 3616.443: [Full GC (System.gc())  54865K->12737K(242688K), 0.0587921 secs]
2018-04-07T19:53:02.029+0600: 3876.754: [GC (Allocation Failure)  65985K->22657K(240640K), 0.0078743 secs]
2018-04-07T19:57:24.245+0600: 4138.968: [GC (Allocation Failure)  74881K->30177K(236544K), 0.0132913 secs]
2018-04-07T20:01:32.773+0600: 4387.494: [GC (Allocation Failure)  81377K->38649K(237568K), 0.0131874 secs]
2018-04-07T20:05:39.689+0600: 4634.408: [GC (Allocation Failure)  88825K->47169K(234496K), 0.0133051 secs]
2018-04-07T20:09:45.222+0600: 4879.940: [GC (Allocation Failure)  96321K->55681K(236032K), 0.0131513 secs]
2018-04-07T20:13:36.861+0600: 5111.578: [GC (Allocation Failure)  103809K->63761K(232448K), 0.0140462 secs]
2018-04-07T20:17:31.502+0600: 5346.217: [GC (Allocation Failure)  111377K->72025K(235008K), 0.0157016 secs]
2018-04-07T20:21:25.770+0600: 5580.484: [GC (Allocation Failure)  119129K->80337K(231936K), 0.0157084 secs]
2018-04-07T20:25:17.443+0600: 5812.155: [GC (Allocation Failure)  126929K->88425K(233472K), 0.0173671 secs]
2018-04-07T20:29:02.980+0600: 6037.691: [GC (Allocation Failure)  134505K->96409K(230400K), 0.0153046 secs]
2018-04-07T20:32:45.806+0600: 6260.515: [GC (Allocation Failure)  141977K->104425K(231936K), 0.0154435 secs]
2018-04-07T20:36:28.534+0600: 6483.242: [GC (Allocation Failure)  149481K->112337K(229376K), 0.0156480 secs]
2018-04-07T20:40:08.198+0600: 6702.904: [GC (Allocation Failure)  156881K->120257K(230400K), 0.0138349 secs]
2018-04-07T20:43:46.026+0600: 6920.731: [GC (Allocation Failure)  164289K->128097K(227840K), 0.0143502 secs]
2018-04-07T20:47:19.563+0600: 7134.266: [GC (Allocation Failure)  171617K->135753K(228352K), 0.0136692 secs]
2018-04-07T20:48:41.805+0600: 7216.509: [GC (System.gc())  152979K->139137K(229376K), 0.0117725 secs]
2018-04-07T20:48:41.819+0600: 7216.522: [Full GC (System.gc())  139137K->12774K(229376K), 0.0524325 secs]
2018-04-07T20:52:09.722+0600: 7424.424: [GC (Allocation Failure)  55782K->20942K(229376K), 0.0068878 secs]
2018-04-07T20:55:39.635+0600: 7634.336: [GC (Allocation Failure)  63438K->27342K(225280K), 0.0173611 secs]
2018-04-07T20:59:02.013+0600: 7836.713: [GC (Allocation Failure)  69326K->34830K(227840K), 0.0178023 secs]
2018-04-07T21:02:19.998+0600: 8034.696: [GC (Allocation Failure)  76302K->42118K(224768K), 0.0118150 secs]
2018-04-07T21:05:29.700+0600: 8224.397: [GC (Allocation Failure)  83078K->49294K(226304K), 0.0187445 secs]
2018-04-07T21:08:35.953+0600: 8410.650: [GC (Allocation Failure)  89742K->56374K(223232K), 0.0107401 secs]
2018-04-07T21:11:49.434+0600: 8604.129: [GC (Allocation Failure)  96310K->63638K(224256K), 0.0112054 secs]
2018-04-07T21:14:57.697+0600: 8792.391: [GC (Allocation Failure)  103062K->70766K(222208K), 0.0111782 secs]
2018-04-07T21:18:05.888+0600: 8980.581: [GC (Allocation Failure)  109678K->77910K(223744K), 0.0114475 secs]
2018-04-07T21:21:16.164+0600: 9170.855: [GC (Allocation Failure)  116310K->85038K(221184K), 0.0112928 secs]
2018-04-07T21:24:20.819+0600: 9355.509: [GC (Allocation Failure)  122926K->91974K(221696K), 0.0183768 secs]
2018-04-07T21:27:27.192+0600: 9541.881: [GC (Allocation Failure)  129350K->99046K(220160K), 0.0114520 secs]
2018-04-07T21:30:33.667+0600: 9728.356: [GC (Allocation Failure)  135910K->105990K(221184K), 0.0120464 secs]
2018-04-07T21:33:37.344+0600: 9912.031: [GC (Allocation Failure)  142342K->112990K(218624K), 0.0113778 secs]
2018-04-07T21:36:41.545+0600: 10096.231: [GC (Allocation Failure)  148830K->119966K(220160K), 0.0110444 secs]
2018-04-07T21:39:38.674+0600: 10273.359: [GC (Allocation Failure)  155294K->126702K(217600K), 0.0112020 secs]
2018-04-07T21:42:31.529+0600: 10446.213: [GC (Allocation Failure)  161518K->133270K(218624K), 0.0171980 secs]
2018-04-07T21:45:26.420+0600: 10621.103: [GC (Allocation Failure)  167574K->140094K(216576K), 0.0130959 secs]
2018-04-07T21:48:18.826+0600: 10793.508: [GC (Allocation Failure)  173886K->146670K(217600K), 0.0135491 secs]
2018-04-07T21:48:41.902+0600: 10816.584: [GC (System.gc())  151289K->147646K(218112K), 0.0101520 secs]
2018-04-07T21:48:41.912+0600: 10816.595: [Full GC (System.gc())  147646K->12759K(218112K), 0.0573522 secs]
2018-04-07T21:51:29.981+0600: 10984.663: [GC (Allocation Failure)  46039K->19415K(217088K), 0.0066479 secs]
2018-04-07T21:54:18.554+0600: 11153.235: [GC (Allocation Failure)  52183K->25104K(214016K), 0.0120470 secs]
2018-04-07T21:57:04.671+0600: 11319.350: [GC (Allocation Failure)  57360K->31560K(215552K), 0.0144846 secs]
2018-04-07T21:59:44.636+0600: 11479.315: [GC (Allocation Failure)  63304K->38096K(213504K), 0.0246446 secs]
2018-04-08T14:08:03.414+0600: 11673.806: [GC (Allocation Failure)  69328K->43808K(216064K), 0.1951997 secs]
