Java HotSpot(TM) 64-Bit Server VM (25.161-b12) for bsd-amd64 JRE (1.8.0_161-b12), built on Dec 19 2017 16:22:20 by "java_re" with gcc 4.2.1 (Based on Apple Inc. build 5658) (LLVM build 2336.11.00)
Memory: 4k page, physical 16777216k(33772k free)

/proc/meminfo:

CommandLine flags: -XX:GCLogFileSize=10241024 -XX:InitialHeapSize=268435456 -XX:MaxHeapSize=805306368 -XX:NumberOfGCLogFiles=10 -XX:+PrintGC -XX:+PrintGCDateStamps -XX:+PrintGCTimeStamps -XX:+UseCompressedClassPointers -XX:+UseCompressedOops -XX:+UseGCLogFileRotation -XX:+UseParallelGC 
2018-04-07T18:43:53.361+0600: 0.761: [GC (Allocation Failure)  65536K->7806K(251392K), 0.0062002 secs]
2018-04-07T18:44:08.953+0600: 16.353: [GC (Allocation Failure)  73342K->7407K(251392K), 0.0055021 secs]
2018-04-07T18:44:14.398+0600: 21.797: [GC (System.gc())  22101K->4506K(251392K), 0.0046143 secs]
2018-04-07T18:44:14.403+0600: 21.802: [Full GC (System.gc())  4506K->4264K(251392K), 0.0195565 secs]
2018-04-07T18:44:19.573+0600: 26.972: [GC (Allocation Failure)  69800K->8841K(251392K), 0.0030298 secs]
2018-04-07T18:48:24.309+0600: 271.706: [GC (Allocation Failure)  74377K->14237K(251392K), 0.0148466 secs]
2018-04-07T18:53:52.844+0600: 600.240: [GC (Allocation Failure)  79773K->15188K(249344K), 0.0159140 secs]
2018-04-07T18:58:49.506+0600: 896.899: [GC (Allocation Failure)  78676K->16220K(249856K), 0.0114672 secs]
2018-04-07T19:03:49.610+0600: 1197.001: [GC (Allocation Failure)  78172K->20552K(248832K), 0.0120430 secs]
2018-04-07T19:08:35.447+0600: 1482.835: [GC (Allocation Failure)  79944K->24931K(250368K), 0.0132927 secs]
2018-04-07T19:13:22.994+0600: 1770.381: [GC (Allocation Failure)  83299K->29251K(251392K), 0.0144213 secs]
2018-04-07T19:18:13.027+0600: 2060.411: [GC (Allocation Failure)  85571K->33019K(244736K), 0.0164224 secs]
2018-04-07T19:22:46.350+0600: 2333.733: [GC (Allocation Failure)  88315K->36763K(248832K), 0.0163003 secs]
2018-04-07T19:27:14.969+0600: 2602.349: [GC (Allocation Failure)  91035K->44899K(239104K), 0.0141320 secs]
2018-04-07T19:32:01.775+0600: 2889.154: [GC (Allocation Failure)  98147K->53331K(245760K), 0.0151330 secs]
2018-04-07T19:36:48.267+0600: 3175.643: [GC (Allocation Failure)  105555K->61603K(237056K), 0.0159052 secs]
2018-04-07T19:41:32.485+0600: 3459.860: [GC (Allocation Failure)  112803K->69883K(242176K), 0.0166549 secs]
2018-04-07T19:44:14.452+0600: 3621.825: [GC (System.gc())  98131K->74667K(243712K), 0.0124378 secs]
2018-04-07T19:44:14.465+0600: 3621.838: [Full GC (System.gc())  74667K->13342K(243712K), 0.0633710 secs]
2018-04-07T19:48:48.017+0600: 3895.388: [GC (Allocation Failure)  63518K->23622K(239616K), 0.0086279 secs]
2018-04-07T19:53:23.396+0600: 4170.765: [GC (Allocation Failure)  72774K->31654K(233984K), 0.0140175 secs]
2018-04-07T19:57:58.261+0600: 4445.628: [GC (Allocation Failure)  79782K->39694K(238080K), 0.0135184 secs]
2018-04-07T20:02:13.679+0600: 4701.045: [GC (Allocation Failure)  87310K->47230K(231936K), 0.0135380 secs]
2018-04-07T20:06:26.364+0600: 4953.728: [GC (Allocation Failure)  94334K->54862K(236032K), 0.0132689 secs]
2018-04-07T20:10:43.599+0600: 5210.961: [GC (Allocation Failure)  101454K->62678K(230912K), 0.0131188 secs]
2018-04-07T20:14:46.147+0600: 5453.508: [GC (Allocation Failure)  108758K->70014K(234496K), 0.0128037 secs]
2018-04-07T20:19:00.216+0600: 5707.575: [GC (Allocation Failure)  115582K->77742K(229888K), 0.0130745 secs]
2018-04-07T20:23:12.946+0600: 5960.304: [GC (Allocation Failure)  122798K->85406K(233472K), 0.0160943 secs]
2018-04-07T20:27:13.501+0600: 6200.857: [GC (Allocation Failure)  129950K->92742K(228352K), 0.0138474 secs]
2018-04-07T20:31:21.054+0600: 6448.408: [GC (Allocation Failure)  136774K->100318K(231936K), 0.0153162 secs]
2018-04-07T20:35:12.228+0600: 6679.580: [GC (Allocation Failure)  143838K->107454K(227328K), 0.0157543 secs]
2018-04-07T20:39:14.433+0600: 6921.784: [GC (Allocation Failure)  150462K->114894K(230400K), 0.0129628 secs]
2018-04-07T20:43:08.894+0600: 7156.244: [GC (Allocation Failure)  157390K->122118K(226304K), 0.0134606 secs]
2018-04-07T20:44:14.556+0600: 7221.905: [GC (System.gc())  134692K->124574K(228864K), 0.0131039 secs]
2018-04-07T20:44:14.569+0600: 7221.918: [Full GC (System.gc())  124574K->13540K(228864K), 0.0587651 secs]
2018-04-07T20:47:55.131+0600: 7442.479: [GC (Allocation Failure)  54500K->21836K(224256K), 0.0140935 secs]
2018-04-07T20:51:27.165+0600: 7654.512: [GC (Allocation Failure)  62284K->28644K(227840K), 0.0184998 secs]
2018-04-07T20:55:02.083+0600: 7869.429: [GC (Allocation Failure)  68580K->35612K(222720K), 0.0178523 secs]
2018-04-07T20:58:29.981+0600: 8077.325: [GC (Allocation Failure)  75036K->42316K(226304K), 0.0174534 secs]
2018-04-07T21:01:46.383+0600: 8273.727: [GC (Allocation Failure)  81228K->48788K(221184K), 0.0127424 secs]
2018-04-07T21:04:57.213+0600: 8464.555: [GC (Allocation Failure)  87188K->55220K(224768K), 0.0181977 secs]
2018-04-07T21:07:46.880+0600: 8634.221: [GC (Allocation Failure)  93108K->61076K(219136K), 0.0105784 secs]
2018-04-07T21:10:50.918+0600: 8818.258: [GC (Allocation Failure)  98452K->67492K(222720K), 0.0102434 secs]
2018-04-07T21:14:07.523+0600: 9014.862: [GC (Allocation Failure)  104356K->74164K(219136K), 0.0103843 secs]
2018-04-07T21:17:14.384+0600: 9201.722: [GC (Allocation Failure)  110516K->80420K(222208K), 0.0108728 secs]
2018-04-07T21:20:29.644+0600: 9396.980: [GC (Allocation Failure)  116260K->86956K(218112K), 0.0104988 secs]
2018-04-07T21:23:37.985+0600: 9585.320: [GC (Allocation Failure)  122284K->93260K(220672K), 0.0172312 secs]
2018-04-07T21:26:47.051+0600: 9774.385: [GC (Allocation Failure)  128076K->99604K(216576K), 0.0113795 secs]
2018-04-07T21:30:03.805+0600: 9971.139: [GC (Allocation Failure)  133908K->106140K(219136K), 0.0172640 secs]
2018-04-07T21:33:14.231+0600: 10161.564: [GC (Allocation Failure)  139932K->112428K(215552K), 0.0132778 secs]
2018-04-07T21:36:30.710+0600: 10358.041: [GC (Allocation Failure)  145708K->118868K(217088K), 0.0170061 secs]
2018-04-07T21:39:35.819+0600: 10543.149: [GC (Allocation Failure)  151636K->125076K(214528K), 0.0177628 secs]
2018-04-07T21:42:32.654+0600: 10719.983: [GC (Allocation Failure)  157332K->131028K(216576K), 0.0170380 secs]
2018-04-07T21:44:14.654+0600: 10821.983: [GC (System.gc())  148611K->134820K(217088K), 0.0126678 secs]
2018-04-07T21:44:14.667+0600: 10821.995: [Full GC (System.gc())  134820K->13515K(217088K), 0.0606397 secs]
2018-04-07T21:47:24.307+0600: 11011.634: [GC (Allocation Failure)  45259K->20619K(216064K), 0.0071587 secs]
2018-04-07T21:50:36.032+0600: 11203.358: [GC (Allocation Failure)  51851K->26987K(213504K), 0.0126969 secs]
2018-04-07T21:53:46.933+0600: 11394.258: [GC (Allocation Failure)  58219K->33259K(216064K), 0.0139906 secs]
2018-04-07T21:56:54.922+0600: 11582.246: [GC (Allocation Failure)  64491K->39483K(213504K), 0.0138434 secs]
2018-04-07T22:00:00.064+0600: 11767.386: [GC (Allocation Failure)  70715K->45867K(215552K), 0.0232568 secs]
2018-04-08T14:08:03.083+0600: 11946.120: [GC (Allocation Failure)  77099K->50603K(215552K), 0.1106233 secs]
